{"level":"info","request_id":"0d2f62c8-4cdd-4b3b-bfb1-137a1a2ef783","method":"POST","path":"/v1/public-api/user/login","resp_time":1550.244,"status":200,"client_ip":"::1","time":1749443323,"message":"login successfully"}
{"level":"info","request_id":"b422417c-023a-4504-9e71-ba7bfdefbc09","method":"POST","path":"/v1/public-api/user/login","resp_time":1716.038,"status":200,"client_ip":"::1","time":1749443548,"message":"login successfully"}
{"level":"info","request_id":"df014a6a-6f42-4677-b2af-86c69e048796","method":"POST","path":"/v1/public-api/user/login","resp_time":2253.461,"status":200,"client_ip":"::1","time":1749443619,"message":"login successfully"}
{"level":"info","request_id":"33e7e5e0-4606-4951-958a-63dbcd815645","method":"POST","path":"/v1/public-api/user/login","resp_time":1976.042,"status":200,"client_ip":"::1","time":1749443626,"message":"login successfully"}
{"level":"info","request_id":"fd413307-2ea3-49b5-b12b-3616fd63674c","method":"POST","path":"/v1/public-api/user/login","resp_time":1777.291,"status":200,"client_ip":"::1","time":1749443696,"message":"login successfully"}
{"level":"info","request_id":"d096e48a-b887-44e1-9b39-872abf59ff8f","method":"POST","path":"/v1/public-api/user/login","resp_time":1336.973,"status":200,"client_ip":"::1","time":1749443826,"message":"login successfully"}
{"level":"info","request_id":"36cd0b6d-7add-4823-8f7e-b90a240f881b","method":"POST","path":"/v1/public-api/user/login","resp_time":1594.289,"status":200,"client_ip":"::1","time":1749444080,"message":"login successfully"}
{"level":"info","request_id":"4cc572ec-2529-41a2-85ac-521e8de96fb2","method":"POST","path":"/v1/public-api/user/login","resp_time":1416.315,"status":200,"client_ip":"::1","time":1749444226,"message":"login successfully"}
{"level":"info","request_id":"836f603f-0520-475e-b621-5c37aeca57c0","method":"POST","path":"/v1/public-api/user/login","resp_time":1575.7,"status":200,"client_ip":"::1","time":1749444400,"message":"login successfully"}
{"level":"info","request_id":"0a4574d6-26b7-4cf7-94c4-d610555f88f4","method":"POST","path":"/v1/public-api/user/login","resp_time":698.29,"status":200,"client_ip":"::1","time":1749445897,"message":"incorrect username or password"}
{"level":"info","request_id":"8df5ca33-d0b4-492c-89f5-1964f6291994","method":"POST","path":"/v1/public-api/user/login","resp_time":713.784,"status":200,"client_ip":"::1","time":1749445912,"message":"incorrect username or password"}
{"level":"info","request_id":"fe2413ba-59df-41db-adb1-5a594f222933","method":"POST","path":"/v1/public-api/user/register","resp_time":1369.595,"status":200,"client_ip":"::1","time":1749445922,"message":"register successfully"}
{"level":"info","request_id":"4e46e526-08fb-472d-8f56-08dabc143c6a","method":"POST","path":"/v1/public-api/user/login","resp_time":1757.265,"status":200,"client_ip":"::1","time":1749445927,"message":"login successfully"}
{"level":"info","request_id":"1564fe1a-5ef8-4f5f-b5a2-a54b82b872dd","method":"POST","path":"/v1/public-api/user/login","resp_time":177698.203,"status":200,"client_ip":"::1","time":1749446879,"message":"login successfully"}
{"level":"info","request_id":"e2236e2b-0300-4afa-9d2f-ca47e588c341","method":"POST","path":"/v1/public-api/user/login","resp_time":1231.668,"status":200,"client_ip":"::1","time":1749446920,"message":"login successfully"}
{"level":"info","request_id":"29411e8a-a0ac-4eeb-b4cb-331f41ea8c25","method":"POST","path":"/v1/public-api/user/login","resp_time":1565.872,"status":200,"client_ip":"::1","time":1749446999,"message":"login successfully"}
{"level":"info","request_id":"45d372ee-0eeb-4a91-a9b5-7ca8a2bc940e","method":"POST","path":"/v1/public-api/user/login","resp_time":32574.513,"status":200,"client_ip":"::1","time":1749447040,"message":"login successfully"}
{"level":"info","request_id":"1e326aaf-e51a-4126-8db4-f85376600c04","method":"POST","path":"/v1/public-api/user/login","resp_time":1195.756,"status":200,"client_ip":"::1","time":1749447241,"message":"login successfully"}
{"level":"info","request_id":"f8a35221-9cbf-4dfd-9d32-cc5381de94f5","method":"POST","path":"/v1/public-api/user/login","resp_time":1323.214,"status":200,"client_ip":"::1","time":1749447675,"message":"login successfully"}
{"level":"info","request_id":"458fb46a-c9ac-428f-b47d-58194f16beb7","method":"POST","path":"/v1/public-api/user/login","resp_time":1740.804,"status":200,"client_ip":"::1","time":1749447804,"message":"login successfully"}
{"level":"info","request_id":"f76f00ab-bbf4-437e-b875-b63a434c9cfb","method":"POST","path":"/v1/public-api/user/login","resp_time":1596.815,"status":200,"client_ip":"::1","time":1749447892,"message":"login successfully"}
{"level":"info","request_id":"ad7541f3-7f76-4020-ab58-48ad9c2b14af","method":"POST","path":"/v1/public-api/user/login","resp_time":1268.378,"status":200,"client_ip":"::1","time":1749448000,"message":"login successfully"}
{"level":"info","request_id":"7adb6bdc-cee3-4f45-aab2-c0dd5d6a2661","method":"POST","path":"/v1/public-api/user/register","resp_time":1761.093,"status":200,"client_ip":"::1","time":1749448039,"message":"register successfully"}
{"level":"info","request_id":"60d415b9-6b1f-4733-8f5b-c07509e0ea67","method":"POST","path":"/v1/public-api/user/login","resp_time":1989.289,"status":200,"client_ip":"::1","time":1749448042,"message":"login successfully"}
{"level":"info","request_id":"2cef1a0f-0f2d-4c55-b92f-a11285b281dd","method":"POST","path":"/v1/public-api/user/login","resp_time":690.451,"status":200,"client_ip":"::1","time":1749448124,"message":"incorrect username or password"}
{"level":"info","request_id":"89e777b9-01a2-45f1-8ff9-660ddb686e66","method":"POST","path":"/v1/public-api/user/register","resp_time":1910.284,"status":200,"client_ip":"::1","time":1749449030,"message":"register successfully"}
{"level":"info","request_id":"54f6a73e-191f-4c0e-9803-7e25db3e1426","method":"POST","path":"/v1/public-api/user/login","resp_time":1976.756,"status":200,"client_ip":"::1","time":"2025-06-09T13:26:23+07:00","message":"login successfully"}
{"level":"info","request_id":"7c56bf22-a1f2-4265-9329-b4a5dcdc79e3","method":"POST","path":"/v1/public-api/user/login","resp_time":1928.229,"status":200,"client_ip":"::1","time":"2025-06-09T13:27:09+07:00","message":"login successfully"}
{"level":"info","request_id":"5e5efa80-ec7b-47ed-a091-6df6983db529","method":"POST","path":"/v1/public-api/user/login","resp_time":1518.868,"status":200,"client_ip":"::1","time":"2025-06-09T22:07:53+07:00","message":"login successfully"}
{"level":"info","request_id":"97ccfefb-2461-49a0-b40a-3a2e27a3264d","method":"POST","path":"/v1/api/attendance/employee","resp_time":620.668,"status":200,"client_ip":"::1","time":"2025-06-09T22:09:30+07:00","message":"insert attendance successfully"}
{"level":"info","request_id":"41638e87-1e7d-442e-b7d7-342c7c28eb8f","method":"POST","path":"/v1/api/attendance/employee","resp_time":73.284,"status":200,"client_ip":"::1","time":"2025-06-09T22:09:39+07:00","message":"insert attendance successfully"}
{"level":"info","request_id":"6d6123d6-33bf-49d6-9a92-50e4fe2ea924","method":"POST","path":"/v1/api/attendance/employee","resp_time":107.616,"status":200,"client_ip":"::1","time":"2025-06-09T22:19:38+07:00","message":"insert check in successfully"}
{"level":"info","request_id":"1e0fd9f5-b4eb-4884-b844-a868a71b9543","method":"POST","path":"/v1/api/attendance/employee","resp_time":630.554,"status":200,"client_ip":"::1","time":"2025-06-09T22:19:40+07:00","message":"insert check out successfully"}
{"level":"info","request_id":"33efa48f-6ee4-4099-8223-5f377f42053d","method":"POST","path":"/v1/api/attendance/employee","resp_time":483.271,"status":200,"client_ip":"::1","time":"2025-06-09T22:19:42+07:00","message":"insert check out successfully"}
{"level":"info","request_id":"6075f3a5-0a23-4bda-b948-eba4e49652ad","method":"POST","path":"/v1/api/attendance/employee","resp_time":797.715,"status":200,"client_ip":"::1","time":"2025-06-09T22:19:43+07:00","message":"insert check out successfully"}
{"level":"info","request_id":"21e71719-a92c-46ff-87fe-786ac0706341","method":"POST","path":"/v1/api/attendance/employee","resp_time":1021.753,"status":200,"client_ip":"::1","time":"2025-06-09T22:23:34+07:00","message":"insert check in successfully"}
{"level":"info","request_id":"575b6ef4-c216-46d0-80b8-22b0d024ace5","method":"POST","path":"/v1/api/attendance/employee","resp_time":780.348,"status":200,"client_ip":"::1","time":"2025-06-09T22:23:43+07:00","message":"insert check out successfully"}
{"level":"info","request_id":"02e53847-657a-4784-9a86-efd42f5a7f99","method":"POST","path":"/v1/api/attendance/employee","resp_time":325.687,"status":200,"client_ip":"::1","time":"2025-06-09T22:23:47+07:00","message":"insert check out successfully"}
{"level":"info","request_id":"9eb98bb5-5a0b-4ba4-b007-9ee6d528dd8d","method":"POST","path":"/v1/api/attendance/employee","resp_time":627.432,"status":200,"client_ip":"::1","time":"2025-06-09T22:23:48+07:00","message":"insert check out successfully"}
{"level":"info","request_id":"ed6e1c70-4a69-4917-886d-57ab14da5578","method":"POST","path":"/v1/api/attendance/employee","resp_time":398.816,"status":200,"client_ip":"::1","time":"2025-06-09T22:25:41+07:00","message":"insert check in successfully"}
{"level":"info","request_id":"e8f0d9c2-5cb1-43d4-bee5-a2f7ba782006","method":"POST","path":"/v1/api/attendance/employee","resp_time":271.339,"status":200,"client_ip":"::1","time":"2025-06-09T22:26:09+07:00","message":"insert check out successfully"}
{"level":"info","request_id":"fbefefc3-5433-4205-a449-8eb3604dcce3","method":"POST","path":"/v1/api/attendance/employee","resp_time":1006.803,"status":200,"client_ip":"::1","time":"2025-06-09T22:29:21+07:00","message":"insert check out successfully"}
{"level":"info","request_id":"7028b7e7-da9f-49ba-ab3c-0b44d9774d31","method":"POST","path":"/v1/api/attendance/employee","resp_time":432.523,"status":200,"client_ip":"::1","time":"2025-06-09T22:29:32+07:00","message":"insert check out successfully"}
{"level":"info","request_id":"0ee849b7-e353-42f8-bcad-a9088442d988","method":"POST","path":"/v1/api/attendance/employee","resp_time":917.684,"status":200,"client_ip":"::1","time":"2025-06-09T22:29:44+07:00","message":"insert check out successfully"}
{"level":"info","request_id":"768e8dd7-9550-4d67-8181-95005bc32258","method":"POST","path":"/v1/public-api/user/register","resp_time":2035.499,"status":200,"client_ip":"::1","time":"2025-06-09T22:34:15+07:00","message":"register successfully"}
{"level":"info","request_id":"6669d92f-c85a-4f7e-a962-d3334adef14c","method":"POST","path":"/v1/public-api/user/login","resp_time":1942.592,"status":200,"client_ip":"::1","time":"2025-06-09T22:34:18+07:00","message":"login successfully"}
{"level":"info","request_id":"821e6e73-11da-466c-b998-3541179df200","method":"POST","path":"/v1/api/attendance/employee","resp_time":807.382,"status":200,"client_ip":"::1","time":"2025-06-09T22:34:27+07:00","message":"insert CHECK IN successfully"}
{"level":"info","request_id":"ad1e75b0-cac8-43fe-8ad5-73129ccad5a4","method":"POST","path":"/v1/api/attendance/employee","resp_time":991.861,"status":200,"client_ip":"::1","time":"2025-06-09T22:34:29+07:00","message":"insert CHECK OUT successfully"}
{"level":"info","request_id":"fab8d96d-d59b-4cc4-ab98-5c45014654f6","method":"POST","path":"/v1/api/attendance/employee","resp_time":194.291,"status":200,"client_ip":"::1","time":"2025-06-09T22:37:32+07:00","message":"ERROR: syntax error at end of input (SQLSTATE 42601)"}
{"level":"info","request_id":"9710aa5b-835b-44c3-8c9d-65f447555842","method":"POST","path":"/v1/api/attendance/employee","resp_time":71.438,"status":200,"client_ip":"::1","time":"2025-06-09T22:43:50+07:00","message":"ERROR: syntax error at end of input (SQLSTATE 42601)"}
{"level":"info","request_id":"b61a604b-e22e-46f7-a61b-02c84fa9d8e3","method":"POST","path":"/v1/api/attendance/employee","resp_time":439.389,"status":200,"client_ip":"::1","time":"2025-06-09T23:03:27+07:00","message":"insert  successfully"}
{"level":"info","request_id":"0b878b41-24a9-4ce7-925e-897a236ce5ec","method":"POST","path":"/v1/api/attendance/employee","resp_time":851.078,"status":200,"client_ip":"::1","time":"2025-06-09T23:05:24+07:00","message":"record not found"}
{"level":"info","request_id":"a4a13566-5d04-47d6-84c0-44da88076028","method":"POST","path":"/v1/api/attendance/employee","resp_time":679.872,"status":200,"client_ip":"::1","time":"2025-06-09T23:10:56+07:00","message":"insert CHECK IN successfully"}
{"level":"info","request_id":"173e18c9-ccb6-4be2-951c-0846e9aba68b","method":"POST","path":"/v1/api/attendance/employee","resp_time":683.789,"status":200,"client_ip":"::1","time":"2025-06-09T23:13:19+07:00","message":"insert CHECK OUT successfully"}
{"level":"info","request_id":"db0bbade-3002-46b1-bad8-fc556cc12142","method":"POST","path":"/v1/api/attendance/employee","resp_time":814.824,"status":200,"client_ip":"::1","time":"2025-06-09T23:13:22+07:00","message":"insert  successfully"}
{"level":"info","request_id":"7b937a61-1c83-45a1-b2cb-b4222a2240f3","method":"POST","path":"/v1/api/attendance/admin","resp_time":435.601,"status":200,"client_ip":"::1","time":"2025-06-10T01:39:36+07:00","message":"token has invalid claims"}
{"level":"info","request_id":"bca2c3db-9735-4d3f-ab40-900b391ba3f1","method":"POST","path":"/v1/public-api/user/login","resp_time":1659.157,"status":200,"client_ip":"::1","time":"2025-06-10T01:39:56+07:00","message":"login successfully"}
{"level":"info","request_id":"05aa0a08-e8ea-4763-a26a-93941eafedb8","method":"POST","path":"/v1/api/attendance/admin","resp_time":986.702,"status":200,"client_ip":"::1","time":"2025-06-10T01:40:04+07:00","message":"only admins with access"}
{"level":"info","request_id":"a5cef3ff-b928-43f8-b3d4-25a047202bd9","method":"POST","path":"/v1/public-api/user/login","resp_time":1901.285,"status":200,"client_ip":"::1","time":"2025-06-10T01:41:51+07:00","message":"login successfully"}
{"level":"info","request_id":"e30fdf58-401b-431a-898d-50ecb11c6637","method":"POST","path":"/v1/api/attendance/admin","resp_time":59.316,"status":200,"client_ip":"::1","time":"2025-06-10T01:42:02+07:00","message":"unsupported data type: &[]: Table not set, please set it like: db.Model(&user) or db.Table(\"users\")"}
{"level":"info","request_id":"ece9a84d-cb8c-4bc1-886a-28e5229ccaee","method":"POST","path":"/v1/api/attendance/admin","resp_time":260.87,"status":200,"client_ip":"::1","time":"2025-06-10T01:46:30+07:00","message":"insert successfully"}
{"level":"info","request_id":"b393ea3f-ff4e-4d4a-824d-0ca89065cfd0","method":"POST","path":"/v1/api/attendance/admin","resp_time":670.563,"status":200,"client_ip":"::1","time":"2025-06-10T01:47:21+07:00","message":"insert successfully"}
{"level":"info","request_id":"90f89c2f-a4dd-4a8a-b453-936da522c9a0","method":"POST","path":"/v1/api/attendance/admin","resp_time":369.053,"status":200,"client_ip":"::1","time":"2025-06-10T01:51:19+07:00","message":"insert successfully"}
{"level":"info","request_id":"579b9e4b-1bca-444e-8252-b7f9f61cfd5e","method":"POST","path":"/v1/api/attendance/admin","resp_time":522.083,"status":200,"client_ip":"::1","time":"2025-06-10T01:53:40+07:00","message":"insert successfully"}
{"level":"info","request_id":"2caf2ec6-9618-415d-ae39-d1fb6e5d543d","method":"POST","path":"/v1/api/attendance/admin","resp_time":698.796,"status":200,"client_ip":"::1","time":"2025-06-10T01:57:53+07:00","message":"insert successfully"}
{"level":"info","request_id":"056db617-c811-4968-ae0c-3fc401120749","method":"POST","path":"/v1/api/attendance/admin","resp_time":814.749,"status":200,"client_ip":"::1","time":"2025-06-10T02:12:17+07:00","message":"insert successfully"}
{"level":"info","request_id":"f548e6bf-12d5-412d-aaa8-9843899af84e","method":"POST","path":"/v1/api/attendance/admin","resp_time":557.101,"status":200,"client_ip":"::1","time":"2025-06-10T02:13:46+07:00","message":"insert successfully"}
{"level":"info","request_id":"59e1cc41-7cdc-46cd-b503-c1f737c01d1f","method":"POST","path":"/v1/api/attendance/admin","resp_time":212.847,"status":200,"client_ip":"::1","time":"2025-06-10T02:14:19+07:00","message":"empty slice found"}
{"level":"info","request_id":"236aee0f-c5ba-496a-ae6a-8d26b731c72c","method":"POST","path":"/v1/api/attendance/admin","resp_time":1001.939,"status":200,"client_ip":"::1","time":"2025-06-10T02:15:49+07:00","message":"insert successfully"}
{"level":"info","request_id":"6dd22434-c489-40e6-9531-7e6bc6ad1df9","method":"POST","path":"/v1/api/attendance/admin","resp_time":538.372,"status":200,"client_ip":"::1","time":"2025-06-10T02:16:50+07:00","message":"insert successfully"}
{"level":"info","request_id":"c8f06a5f-769c-4620-ae4c-c5e465b7ed3a","method":"POST","path":"/v1/api/attendance/overtime","resp_time":579.2,"status":200,"client_ip":"::1","time":"2025-06-10T02:47:45+07:00","message":"token has invalid claims"}
{"level":"info","request_id":"742862cf-b627-4872-b795-c0816b00dfae","method":"POST","path":"/v1/public-api/user/login","resp_time":1585.719,"status":200,"client_ip":"::1","time":"2025-06-10T02:47:52+07:00","message":"login successfully"}
{"level":"info","request_id":"351d97d0-0e47-4fe8-9b75-08d3bb91dedc","method":"POST","path":"/v1/api/attendance/overtime","resp_time":291.133,"status":200,"client_ip":"::1","time":"2025-06-10T02:48:03+07:00","message":"Key: 'ParamBulkAttendance.StartDate' Error:Field validation for 'StartDate' failed on the 'required' tag\nKey: 'ParamBulkAttendance.EndDate' Error:Field validation for 'EndDate' failed on the 'required' tag\nKey: 'ParamBulkAttendance.EmployeeID' Error:Field validation for 'EmployeeID' failed on the 'required' tag"}
{"level":"info","request_id":"5076e359-1f4f-4d39-94f1-f4d26253320c","method":"POST","path":"/v1/api/attendance/overtime","resp_time":607.978,"status":200,"client_ip":"::1","time":"2025-06-10T02:48:31+07:00","message":"Key: 'ParamBulkAttendance.StartDate' Error:Field validation for 'StartDate' failed on the 'required' tag\nKey: 'ParamBulkAttendance.EndDate' Error:Field validation for 'EndDate' failed on the 'required' tag\nKey: 'ParamBulkAttendance.EmployeeID' Error:Field validation for 'EmployeeID' failed on the 'required' tag"}
{"level":"info","request_id":"04f50963-76cf-4394-a5a4-846b7861a62d","method":"POST","path":"/v1/api/attendance/overtime","resp_time":359.301,"status":200,"client_ip":"::1","time":"2025-06-10T02:49:52+07:00","message":"json: cannot unmarshal string into Go struct field ParamOvertime.hours of type int"}
{"level":"info","request_id":"986a9a9a-2264-4261-88c9-769c78d67b50","method":"POST","path":"/v1/api/attendance/overtime","resp_time":128.223,"status":200,"client_ip":"::1","time":"2025-06-10T02:50:04+07:00","message":"Key: 'ParamOvertime.Hours' Error:Field validation for 'Hours' failed on the 'lte' tag"}
{"level":"info","request_id":"ba20c33f-fecc-4278-94fb-67e2ee4beaa7","method":"POST","path":"/v1/api/attendance/overtime","resp_time":674.443,"status":200,"client_ip":"::1","time":"2025-06-10T02:50:10+07:00","message":"insert successfully"}
{"level":"info","request_id":"959be262-4d8f-4547-99fc-b5ab9e511e8c","method":"POST","path":"/v1/api/attendance/overtime","resp_time":602.271,"status":200,"client_ip":"::1","time":"2025-06-10T02:50:51+07:00","message":"insert successfully"}
{"level":"info","request_id":"b1375fe7-88ba-4c9b-85ab-68d1010efc10","method":"POST","path":"/v1/api/attendance/overtime","resp_time":1035.062,"status":200,"client_ip":"::1","time":"2025-06-10T02:51:28+07:00","message":"insert successfully"}
{"level":"info","request_id":"ebf72da5-b34f-443a-9023-5052a8f4d3bb","method":"POST","path":"/v1/api/attendance/overtime","resp_time":922.049,"status":200,"client_ip":"::1","time":"2025-06-10T02:51:42+07:00","message":"insert successfully"}
{"level":"info","request_id":"c13fee03-7b9b-43cc-943b-a3f724ddac2b","method":"POST","path":"/v1/api/attendance/overtime","resp_time":291.261,"status":200,"client_ip":"::1","time":"2025-06-10T02:52:25+07:00","message":"insert successfully"}
{"level":"info","request_id":"3bd1874b-6c3c-4909-85d2-c5a4aad59d35","method":"POST","path":"/v1/api/attendance/overtime","resp_time":623.176,"status":200,"client_ip":"::1","time":"2025-06-10T02:52:29+07:00","message":"insert successfully"}
{"level":"info","request_id":"25e81ee3-4b1d-46e3-86ca-f86bc120e2ad","method":"POST","path":"/v1/api/attendance/overtime","resp_time":770.659,"status":200,"client_ip":"::1","time":"2025-06-10T02:54:33+07:00","message":"overtime max 3 hours"}
{"level":"info","request_id":"c67be53d-397a-429d-81d2-6534448cf463","method":"POST","path":"/v1/api/attendance/overtime","resp_time":789.666,"status":200,"client_ip":"::1","time":"2025-06-10T02:55:00+07:00","message":"insert successfully"}
{"level":"info","request_id":"44b211aa-7361-48a5-b607-7a49d5886c9f","method":"POST","path":"/v1/api/attendance/overtime","resp_time":303.79,"status":200,"client_ip":"::1","time":"2025-06-10T02:55:04+07:00","message":"overtime max 3 hours"}
{"level":"info","request_id":"0debfe10-c9a6-4eca-9180-9ed39d87a5e4","method":"POST","path":"/v1/api/attendance/overtime","resp_time":946.81,"status":200,"client_ip":"::1","time":"2025-06-10T03:15:25+07:00","message":"overtime must be proposed after check out"}
{"level":"info","request_id":"6c1b60f0-fb2e-45d7-877b-81911de692b9","method":"POST","path":"/v1/api/attendance/employee","resp_time":880.133,"status":200,"client_ip":"::1","time":"2025-06-10T03:15:43+07:00","message":"insert CHECK IN successfully"}
{"level":"info","request_id":"9e52fda7-76c0-4ed2-8c41-47b04b7ee39a","method":"POST","path":"/v1/api/attendance/overtime","resp_time":615.215,"status":200,"client_ip":"::1","time":"2025-06-10T03:15:48+07:00","message":"overtime must be proposed after check out"}
{"level":"info","request_id":"c7c84c2b-88b7-46f7-9e49-b02f05c31e8c","method":"POST","path":"/v1/api/attendance/employee","resp_time":233.146,"status":200,"client_ip":"::1","time":"2025-06-10T03:15:52+07:00","message":"insert CHECK OUT successfully"}
{"level":"info","request_id":"fe094540-fef4-4494-aa96-2a16a7427bed","method":"POST","path":"/v1/api/attendance/overtime","resp_time":704.712,"status":200,"client_ip":"::1","time":"2025-06-10T03:15:55+07:00","message":"insert successfully"}
{"level":"info","request_id":"7e3abda6-ea11-4247-a4fb-80ebcc74fa55","method":"POST","path":"/v1/api/attendance/overtime","resp_time":397.322,"status":200,"client_ip":"::1","time":"2025-06-10T03:16:31+07:00","message":"overtime max 3 hours"}
{"level":"info","request_id":"b72bffcf-1583-4995-b59a-4f943f4d09e5","method":"POST","path":"/v1/api/reimbursement/","resp_time":506.339,"status":200,"client_ip":"::1","time":"2025-06-10T06:03:08+07:00","message":"token has invalid claims"}
{"level":"info","request_id":"16c72bb9-625c-476c-bc00-c2594e23416d","method":"POST","path":"/v1/public-api/user/register","resp_time":1326.019,"status":200,"client_ip":"::1","time":"2025-06-10T06:03:15+07:00","message":"register successfully"}
{"level":"info","request_id":"28083ad7-b40e-4fb1-b63c-19d0f084a509","method":"POST","path":"/v1/api/reimbursement/","resp_time":646.844,"status":200,"client_ip":"::1","time":"2025-06-10T06:03:26+07:00","message":"ERROR: null value in column \"payroll\" of relation \"reimbursement\" violates not-null constraint (SQLSTATE 23502)"}
{"level":"info","request_id":"01e3fb46-bb1e-4289-8c9b-687b5094f6b9","method":"POST","path":"/v1/api/reimbursement/","resp_time":718.084,"status":200,"client_ip":"::1","time":"2025-06-10T06:04:24+07:00","message":"user not found"}
{"level":"info","request_id":"030a9545-9082-4217-ab48-6860924f7183","method":"POST","path":"/v1/public-api/user/register","resp_time":1482.274,"status":200,"client_ip":"::1","time":"2025-06-10T06:04:30+07:00","message":"register successfully"}
{"level":"info","request_id":"2f6d8c34-55f7-4780-ae60-59e84c92f567","method":"POST","path":"/v1/api/reimbursement/","resp_time":1005.366,"status":200,"client_ip":"::1","time":"2025-06-10T06:04:43+07:00","message":"insert successfully"}
{"level":"info","request_id":"929ecbfe-3fdb-46fe-9002-99560cad0f4f","method":"POST","path":"/v1/api/reimbursement/","resp_time":376.626,"status":200,"client_ip":"::1","time":"2025-06-10T06:07:37+07:00","message":"insert successfully"}
{"level":"info","request_id":"109d3852-d4c3-4922-a728-a877b7f29dff","method":"POST","path":"/v1/public-api/user/register","resp_time":1907.837,"status":200,"client_ip":"::1","time":"2025-06-10T06:33:33+07:00","message":"register successfully"}
{"level":"info","request_id":"1da3bb0d-7d41-4b95-872d-a4d9796df35f","method":"POST","path":"/v1/public-api/user/login","resp_time":1575.171,"status":200,"client_ip":"::1","time":"2025-06-10T07:57:03+07:00","message":"login successfully"}
{"level":"info","request_id":"a58c1a69-afc8-4de3-b30c-a154cc29fb59","method":"POST","path":"/v1/api/attendance/employee","resp_time":808.614,"status":200,"client_ip":"::1","time":"2025-06-10T07:57:11+07:00","message":"insert CHECK IN successfully"}
{"level":"info","request_id":"452bf47c-cfbe-421a-9e64-37a15e383dec","method":"POST","path":"/v1/api/attendance/overtime","resp_time":565.28,"status":200,"client_ip":"::1","time":"2025-06-10T08:00:44+07:00","message":"overtime must be proposed after check out"}
{"level":"info","request_id":"7cca91d0-f9e8-49b9-938d-781295abec91","method":"POST","path":"/v1/api/attendance/employee","resp_time":669.658,"status":200,"client_ip":"::1","time":"2025-06-10T08:00:51+07:00","message":"insert CHECK OUT successfully"}
{"level":"info","request_id":"c74f0ced-12e2-44be-8dc2-3bb4c31c8528","method":"POST","path":"/v1/api/attendance/overtime","resp_time":996.467,"status":200,"client_ip":"::1","time":"2025-06-10T08:00:55+07:00","message":"insert successfully"}
{"level":"info","request_id":"6a5100c7-bd77-4120-93cf-ac3eb0d8d593","method":"POST","path":"/v1/api/reimbursement/","resp_time":834.385,"status":200,"client_ip":"::1","time":"2025-06-10T08:29:34+07:00","message":"insert successfully"}
{"level":"info","request_id":"420bc5a0-ae27-4afe-a80e-9aa24cc95eee","method":"POST","path":"/v1/api/payroll/","resp_time":752.622,"status":200,"client_ip":"::1","time":"2025-06-10T08:54:04+07:00","message":"token has invalid claims"}
{"level":"info","request_id":"163862f7-0bb8-411a-b354-affa3fe99378","method":"POST","path":"/v1/public-api/user/login","resp_time":1985.977,"status":200,"client_ip":"::1","time":"2025-06-10T08:54:12+07:00","message":"login successfully"}
{"level":"info","request_id":"022b38b8-15eb-4fab-b895-ad3bc43a7bf9","method":"POST","path":"/v1/api/payroll/","resp_time":356.274,"status":200,"client_ip":"::1","time":"2025-06-10T08:54:30+07:00","message":"Key: 'ParamGeneratePayroll.PayrollDate' Error:Field validation for 'PayrollDate' failed on the 'required' tag"}
{"level":"info","request_id":"b725ed34-069d-409d-b481-5026eb63ec43","method":"POST","path":"/v1/api/payroll/","resp_time":949.075,"status":200,"client_ip":"::1","time":"2025-06-10T08:56:02+07:00","message":"Key: 'ParamGeneratePayroll.PayrollDate' Error:Field validation for 'PayrollDate' failed on the 'datetime' tag"}
{"level":"info","request_id":"1a883391-7669-4b63-bd5a-78dc2c7db2ff","method":"POST","path":"/v1/api/payroll/","resp_time":638.772,"status":200,"client_ip":"::1","time":"2025-06-10T08:56:11+07:00","message":"insert successfully"}
{"level":"info","request_id":"e3ad5a16-3255-49f5-95cd-132682f98a5a","method":"POST","path":"/v1/api/payroll/","resp_time":405.889,"status":200,"client_ip":"::1","time":"2025-06-10T08:59:49+07:00","message":"Setting Payroll does not exist"}
{"level":"info","request_id":"7b5e08d8-64f0-42f8-bba5-5d2a0eec60c9","method":"POST","path":"/v1/api/payroll/","resp_time":964.112,"status":200,"client_ip":"::1","time":"2025-06-10T09:00:21+07:00","message":"insert successfully"}
{"level":"info","request_id":"13837c59-189e-44b5-bb38-0ca665d49ec7","method":"POST","path":"/v1/api/payroll/","resp_time":693.374,"status":200,"client_ip":"::1","time":"2025-06-10T09:02:53+07:00","message":"ERROR: OFFSET must not be negative (SQLSTATE 2201X)"}
{"level":"info","request_id":"a4d6e1b0-9b23-46fe-9945-46d44ca05976","method":"POST","path":"/v1/api/payroll/","resp_time":274.343,"status":200,"client_ip":"::1","time":"2025-06-10T09:03:19+07:00","message":"ERROR: OFFSET must not be negative (SQLSTATE 2201X)"}
{"level":"info","request_id":"34e551fc-6d74-4a89-a755-cf6eee2b744c","method":"POST","path":"/v1/api/payroll/","resp_time":859.642,"status":200,"client_ip":"::1","time":"2025-06-10T09:09:51+07:00","message":"insert successfully"}
{"level":"info","request_id":"e0acb6de-1a6a-46c0-95a8-840ace1b106d","method":"POST","path":"/v1/api/payroll/","resp_time":32403.846,"status":200,"client_ip":"::1","time":"2025-06-10T09:16:59+07:00","message":"ERROR: relation \"payroll \" does not exist (SQLSTATE 42P01)"}
{"level":"info","request_id":"9b34a7f5-4d31-4696-9bf8-dd244f1f38c8","method":"POST","path":"/v1/api/payroll/","resp_time":292.203,"status":200,"client_ip":"::1","time":"2025-06-10T09:17:43+07:00","message":"insert successfully"}
{"level":"info","request_id":"d35d982e-64f6-4e2c-9dc8-1638c24115de","method":"POST","path":"/v1/api/payroll/","resp_time":607.645,"status":200,"client_ip":"::1","time":"2025-06-10T09:47:59+07:00","message":"insert successfully"}
{"level":"info","request_id":"7fb7e3b0-a02b-418b-b596-88ddf5e5d536","method":"POST","path":"/v1/api/payroll/","resp_time":613.993,"status":200,"client_ip":"::1","time":"2025-06-10T09:54:16+07:00","message":"token has invalid claims"}
{"level":"info","request_id":"ed44510b-06bf-4023-ac6f-c1e7e0b5ae0b","method":"POST","path":"/v1/api/payroll/","resp_time":893.263,"status":200,"client_ip":"::1","time":"2025-06-10T09:54:20+07:00","message":"token has invalid claims"}
{"level":"info","request_id":"32b0a0ec-eb33-4613-92c4-03e52faaaad6","method":"POST","path":"/v1/public-api/user/login","resp_time":1634.148,"status":200,"client_ip":"::1","time":"2025-06-10T09:54:24+07:00","message":"login successfully"}
{"level":"info","request_id":"c15b85b1-0264-49be-a292-4281ce95a2c5","method":"POST","path":"/v1/api/payroll/","resp_time":784.129,"status":200,"client_ip":"::1","time":"2025-06-10T09:54:37+07:00","message":"insert successfully"}
{"level":"info","request_id":"5289636f-596d-404b-aa35-c82d21d9e8fc","method":"POST","path":"/v1/api/payroll/","resp_time":282.864,"status":200,"client_ip":"::1","time":"2025-06-10T09:57:00+07:00","message":"insert successfully"}
{"level":"info","request_id":"098da243-dac9-4000-bb92-61c7f3f08783","method":"POST","path":"/v1/api/payroll/","resp_time":956.65,"status":200,"client_ip":"::1","time":"2025-06-10T09:59:15+07:00","message":"insert successfully"}
{"level":"info","request_id":"9be447be-0164-4ada-9c7d-c4bed2ae70cf","method":"POST","path":"/v1/api/payroll/","resp_time":165.745,"status":200,"client_ip":"::1","time":"2025-06-10T10:01:39+07:00","message":"insert successfully"}
{"level":"info","request_id":"55410065-c456-41b8-9eaa-6cd0e2c18a08","method":"POST","path":"/v1/api/payroll/","resp_time":545,"status":200,"client_ip":"::1","time":"2025-06-10T10:18:05+07:00","message":"ERROR: column \"payroll_date\" of relation \"payroll\" does not exist (SQLSTATE 42703)"}
{"level":"info","request_id":"b1c7c633-0c64-4f9a-a638-08a2822d9099","method":"POST","path":"/v1/public-api/user/register","resp_time":1241.748,"status":200,"client_ip":"::1","time":"2025-06-10T10:18:40+07:00","message":"register successfully"}
{"level":"info","request_id":"0d10cae3-6a99-4589-a81b-d9502b4deaab","method":"POST","path":"/v1/api/attendance/employee","resp_time":739.371,"status":200,"client_ip":"::1","time":"2025-06-10T10:18:50+07:00","message":"insert CHECK IN successfully"}
{"level":"info","request_id":"8ec60460-513e-4cdc-b0b8-8a91fab95e6b","method":"POST","path":"/v1/api/attendance/admin","resp_time":138.805,"status":200,"client_ip":"::1","time":"2025-06-10T10:19:00+07:00","message":"insert successfully"}
{"level":"info","request_id":"7d646425-6786-45ad-a7e6-c33794adc0ee","method":"POST","path":"/v1/api/attendance/overtime","resp_time":798.21,"status":200,"client_ip":"::1","time":"2025-06-10T10:19:04+07:00","message":"overtime must be proposed after check out"}
{"level":"info","request_id":"7d00884d-7422-42bd-9ee9-40c8369621ea","method":"POST","path":"/v1/api/attendance/employee","resp_time":55.253,"status":200,"client_ip":"::1","time":"2025-06-10T10:19:11+07:00","message":"insert CHECK OUT successfully"}
{"level":"info","request_id":"453d6f15-4a01-46d5-be5e-32eec5fac92d","method":"POST","path":"/v1/api/attendance/overtime","resp_time":844.778,"status":200,"client_ip":"::1","time":"2025-06-10T10:19:14+07:00","message":"insert successfully"}
{"level":"info","request_id":"9b1fd31e-f5ba-4c65-b838-28176fe43317","method":"POST","path":"/v1/api/reimbursement/","resp_time":630.555,"status":200,"client_ip":"::1","time":"2025-06-10T10:19:20+07:00","message":"insert successfully"}
{"level":"info","request_id":"b813d282-bd35-4c79-8d9e-fddbe2da471e","method":"POST","path":"/v1/api/payroll/","resp_time":1037.954,"status":200,"client_ip":"::1","time":"2025-06-10T10:19:29+07:00","message":"insert successfully"}
{"level":"info","request_id":"0193c8f5-16d3-4f60-86ac-fb1ad739d0d0","method":"POST","path":"/v1/api/payroll/","resp_time":823.407,"status":200,"client_ip":"::1","time":"2025-06-10T10:19:51+07:00","message":"insert successfully"}
{"level":"info","request_id":"0aa28c45-9b2a-4c31-9f38-653530c510a5","method":"POST","path":"/v1/api/payroll/","resp_time":539.374,"status":200,"client_ip":"::1","time":"2025-06-10T10:21:06+07:00","message":"insert successfully"}
{"level":"info","request_id":"f98d4d7b-0cc1-4058-acce-b63871f6db64","method":"POST","path":"/v1/api/payroll/","resp_time":434.345,"status":200,"client_ip":"::1","time":"2025-06-10T10:22:13+07:00","message":"insert successfully"}
{"level":"info","request_id":"dd931d16-f16f-49df-b2aa-5fe3839e2d19","method":"POST","path":"/v1/api/payroll/","resp_time":278.5,"status":200,"client_ip":"::1","time":"2025-06-10T10:23:27+07:00","message":"Payroll already exist"}
{"level":"info","request_id":"82631a57-6034-4fd6-9cf1-499a8768b7fd","method":"POST","path":"/v1/api/payroll/","resp_time":773.623,"status":200,"client_ip":"::1","time":"2025-06-10T10:23:55+07:00","message":"insert successfully"}
{"level":"info","request_id":"d06f549b-b784-4dc5-b002-087646c3c9d5","method":"POST","path":"/v1/api/payroll/","resp_time":621.534,"status":200,"client_ip":"::1","time":"2025-06-10T10:24:29+07:00","message":"insert successfully"}
{"level":"info","request_id":"11670e24-0803-4930-85f4-d2f1d22cfe8f","method":"POST","path":"/v1/api/payroll/","resp_time":454.984,"status":200,"client_ip":"::1","time":"2025-06-10T10:25:59+07:00","message":"Payroll already exist"}
{"level":"info","request_id":"dda5fc5f-89e1-4c28-8606-7d0fa53667da","method":"POST","path":"/v1/api/payroll/","resp_time":960.67,"status":200,"client_ip":"::1","time":"2025-06-10T10:31:15+07:00","message":"insert successfully"}
{"level":"info","request_id":"7ee795e0-ca5f-419f-8695-9c2f2e4b464d","method":"POST","path":"/v1/api/payroll/","resp_time":875.444,"status":200,"client_ip":"::1","time":"2025-06-10T10:34:37+07:00","message":"ERROR: syntax error at or near \"\u0002\" (SQLSTATE 42601)"}
{"level":"info","request_id":"ce294d5a-57a1-4fe9-85e2-c0faa1df9b16","method":"POST","path":"/v1/api/payroll/","resp_time":791.716,"status":200,"client_ip":"::1","time":"2025-06-10T10:36:35+07:00","message":"ERROR: invalid input syntax for type double precision: \"\u0002\" (SQLSTATE 22P02)"}
{"level":"info","request_id":"08b4ec99-206c-4b46-94e1-6dc186098122","method":"POST","path":"/v1/api/payroll/","resp_time":1001.743,"status":200,"client_ip":"::1","time":"2025-06-10T10:39:00+07:00","message":"empty slice found"}
{"level":"info","request_id":"0c801a6b-b957-4197-9bdb-591dd04eceaa","method":"POST","path":"/v1/api/payroll/","resp_time":530.09,"status":200,"client_ip":"::1","time":"2025-06-10T10:40:19+07:00","message":"insert successfully"}
{"level":"info","request_id":"819aa834-e1a2-4ae6-8765-b2dfcfcc0e56","method":"POST","path":"/v1/public-api/user/login","resp_time":1662.471,"status":200,"client_ip":"::1","time":"2025-06-10T10:45:56+07:00","message":"login successfully"}
{"level":"info","request_id":"df426c57-cbb1-4a23-9168-21d9f9873de7","method":"POST","path":"/v1/api/attendance/employee","resp_time":890.947,"status":200,"client_ip":"::1","time":"2025-06-10T10:46:03+07:00","message":"insert CHECK IN successfully"}
{"level":"info","request_id":"ff877057-9060-4471-92f9-893c5e54e6e0","method":"POST","path":"/v1/api/attendance/admin","resp_time":654.232,"status":200,"client_ip":"::1","time":"2025-06-10T10:46:08+07:00","message":"insert successfully"}
{"level":"info","request_id":"6f5bdcf1-295b-4b42-b3ac-a6aa7cf2364d","method":"POST","path":"/v1/api/attendance/overtime","resp_time":512.195,"status":200,"client_ip":"::1","time":"2025-06-10T10:46:14+07:00","message":"overtime must be proposed after check out"}
{"level":"info","request_id":"e31c6d3b-7d55-4cf4-88cf-c966fe6b3d18","method":"POST","path":"/v1/api/attendance/employee","resp_time":411.069,"status":200,"client_ip":"::1","time":"2025-06-10T10:46:19+07:00","message":"insert CHECK OUT successfully"}
{"level":"info","request_id":"b7a1dc36-8c4a-4a95-8fcf-efc0c6be61de","method":"POST","path":"/v1/public-api/user/register","resp_time":1994.518,"status":200,"client_ip":"::1","time":"2025-06-10T10:49:00+07:00","message":"register successfully"}
{"level":"info","request_id":"4252fce9-8051-4332-bffc-4bec711804aa","method":"POST","path":"/v1/public-api/user/register","resp_time":345.711,"status":200,"client_ip":"::1","time":"2025-06-10T11:01:08+07:00","message":"user already exists"}
{"level":"info","request_id":"78f881d3-d3a2-4aa9-9079-e1d9eb0f507d","method":"POST","path":"/v1/public-api/user/login","resp_time":1734.994,"status":200,"client_ip":"::1","time":"2025-06-10T11:01:18+07:00","message":"login successfully"}
{"level":"info","request_id":"ae17048c-9618-4aac-9267-f9ba8f7be3eb","method":"POST","path":"/v1/api/payroll/","resp_time":306.032,"status":200,"client_ip":"::1","time":"2025-06-10T11:01:29+07:00","message":"insert successfully"}
{"level":"info","request_id":"a1341bb7-682a-4f47-9b48-e878ddcfc0d2","method":"POST","path":"/v1/api/payroll/","resp_time":185.499,"status":200,"client_ip":"::1","time":"2025-06-10T11:10:25+07:00","message":"insert successfully"}
{"level":"info","request_id":"10ab2ab6-dc75-463c-aed6-6347521ed81a","method":"POST","path":"/v1/api/payroll/","resp_time":797.37,"status":200,"client_ip":"::1","time":"2025-06-10T11:11:59+07:00","message":"Payroll already exist"}
{"level":"info","request_id":"07c9c9ef-1bee-4e06-ba6e-a7f4ad2f2fb4","method":"POST","path":"/v1/api/payroll/","resp_time":186.417,"status":200,"client_ip":"::1","time":"2025-06-10T11:12:17+07:00","message":"insert successfully"}
{"level":"info","request_id":"a9f928c8-fc5b-40cb-b701-f31f2138767d","method":"POST","path":"/v1/api/payroll/","resp_time":563.963,"status":200,"client_ip":"::1","time":"2025-06-10T11:12:41+07:00","message":"insert successfully"}
{"level":"info","request_id":"414798c5-9647-4844-9a57-c330b75cc975","method":"POST","path":"/v1/api/payroll/get-payslip","resp_time":203.939,"status":200,"client_ip":"::1","time":"2025-06-10T11:42:33+07:00","message":"insert successfully"}
{"level":"info","request_id":"4e735f14-6217-4b74-bd8e-28434bd63903","method":"POST","path":"/v1/api/payroll/get-payslip","resp_time":526.571,"status":200,"client_ip":"::1","time":"2025-06-10T11:43:30+07:00","message":"insert successfully"}
{"level":"info","request_id":"13ec7b43-50bb-4b79-ae4b-14630c518453","method":"POST","path":"/v1/api/payroll/","resp_time":114.248,"status":200,"client_ip":"::1","time":"2025-06-10T11:47:03+07:00","message":"ERROR: column \"em.username\" must appear in the GROUP BY clause or be used in an aggregate function (SQLSTATE 42803)"}
{"level":"info","request_id":"6a03645c-59da-4664-b854-d923947604d9","method":"POST","path":"/v1/api/payroll/","resp_time":230.773,"status":200,"client_ip":"::1","time":"2025-06-10T11:47:40+07:00","message":"insert successfully"}
{"level":"info","request_id":"7c597b3a-6ce4-4e5b-808e-b86a8adc04d2","method":"POST","path":"/v1/api/payroll/get-payslip","resp_time":428.729,"status":200,"client_ip":"::1","time":"2025-06-10T11:47:56+07:00","message":"get data successfully"}
{"level":"info","request_id":"612b8b85-7631-4bab-abcd-8c50b551768f","method":"POST","path":"/v1/api/payroll/get-payslip","resp_time":437.439,"status":200,"client_ip":"::1","time":"2025-06-10T11:48:23+07:00","message":"get data successfully"}
{"level":"info","request_id":"9821f9bf-b93b-49f5-af5e-48c0ab83260a","method":"POST","path":"/v1/api/payroll/get-all-payslip","resp_time":138.659,"status":200,"client_ip":"::1","time":"2025-06-10T11:49:19+07:00","message":"get data successfully"}
{"level":"info","request_id":"084ea135-1d8f-409a-b712-087ddd1f4df1","method":"POST","path":"/v1/api/payroll/get-all-payslip","resp_time":938.283,"status":200,"client_ip":"::1","time":"2025-06-10T11:49:24+07:00","message":"get data successfully"}
{"level":"info","request_id":"ec73eca8-3794-4a59-8da2-a39d3a864ca4","method":"POST","path":"/v1/api/payroll/get-all-payslip","resp_time":381.59,"status":200,"client_ip":"::1","time":"2025-06-10T11:51:15+07:00","message":"get data successfully"}
{"level":"info","request_id":"df5fadc5-2376-4f65-b3ee-50c6678a289f","method":"POST","path":"/v1/api/payroll/get-all-payslip","resp_time":31.321,"status":200,"client_ip":"::1","time":"2025-06-10T12:05:41+07:00","message":"token has invalid claims"}
{"level":"info","request_id":"88e91ef9-e308-4edd-b142-1436c9de48cc","method":"POST","path":"/v1/public-api/user/login","resp_time":1375.559,"status":200,"client_ip":"::1","time":"2025-06-10T12:05:46+07:00","message":"login successfully"}
{"level":"info","request_id":"d1f5da13-9351-4c50-9a55-689ce542abeb","method":"POST","path":"/v1/api/payroll/get-all-payslip","resp_time":545.248,"status":200,"client_ip":"::1","time":"2025-06-10T12:05:54+07:00","message":"get data successfully"}
{"level":"info","request_id":"f0bc9b75-b6ff-48a5-ba77-afbffadf709a","method":"POST","path":"/v1/api/payroll/get-payslip","resp_time":115.897,"status":200,"client_ip":"::1","time":"2025-06-10T12:06:01+07:00","message":"get data successfully"}
{"level":"info","request_id":"f6ad15e9-f450-4aaa-ad06-d566a1beee37","method":"POST","path":"/v1/api/payroll/get-payslip","resp_time":813.775,"status":200,"client_ip":"::1","time":"2025-06-10T12:06:07+07:00","message":"get data successfully"}
{"level":"info","request_id":"ff04f539-070e-4efb-a4fa-021b1325479e","method":"POST","path":"/v1/api/reimbursement/","resp_time":204.593,"status":200,"client_ip":"::1","time":"2025-06-10T12:06:28+07:00","message":"token has invalid claims"}
{"level":"info","request_id":"5e38a605-7ec5-4bf7-bc08-23fc80149e32","method":"POST","path":"/v1/api/reimbursement/","resp_time":345.599,"status":200,"client_ip":"::1","time":"2025-06-10T12:06:33+07:00","message":"insert successfully"}
{"level":"info","request_id":"34bfb080-700b-489a-967f-961ce9319d89","method":"POST","path":"/v1/api/payroll/get-payslip","resp_time":605.047,"status":200,"client_ip":"::1","time":"2025-06-10T12:06:37+07:00","message":"get data successfully"}
{"level":"info","request_id":"aff41283-7a1c-4bae-a4d0-682703c0a5c0","method":"POST","path":"/v1/api/payroll/","resp_time":441.343,"status":200,"client_ip":"::1","time":"2025-06-10T12:11:42+07:00","message":"token has invalid claims"}
{"level":"info","request_id":"f8d21e22-e1fb-4cd6-b21b-4b17cffdbeb6","method":"POST","path":"/v1/api/payroll/","resp_time":369.941,"status":200,"client_ip":"::1","time":"2025-06-10T12:12:04+07:00","message":"insert successfully"}
{"level":"info","request_id":"93fe98dc-4d2c-4d6d-8f62-3064f436ab78","method":"POST","path":"/v1/api/payroll/get-all-payslip","resp_time":261.378,"status":200,"client_ip":"::1","time":"2025-06-10T12:12:10+07:00","message":"get data successfully"}
{"level":"info","request_id":"4add9d56-ec55-4564-85b9-e6d4dd1d7079","method":"POST","path":"/v1/public-api/user/login","resp_time":1358.423,"status":200,"client_ip":"::1","time":"2025-06-10T13:46:40+07:00","message":"login successfully"}
{"level":"info","request_id":"0420a69b-83f3-4ae9-b638-39b15d3215fd","method":"POST","path":"/v1/public-api/user/register","resp_time":1227.457,"status":200,"client_ip":"::1","time":"2025-06-10T13:47:22+07:00","message":"register successfully"}
{"level":"info","request_id":"f0832939-4f1b-43aa-a809-04c1c44cb403","method":"POST","path":"/v1/public-api/user/register","resp_time":1200.214,"status":200,"client_ip":"::1","time":"2025-06-10T13:48:10+07:00","message":"register successfully"}
{"level":"info","request_id":"3c03948b-5436-4d53-831a-8c2a9df9ac85","method":"POST","path":"/v1/public-api/user/register","resp_time":2018.882,"status":200,"client_ip":"::1","time":"2025-06-10T13:49:45+07:00","message":"register successfully"}
{"level":"info","request_id":"9171d0d4-fb61-4666-a11f-cf0b4c58d514","method":"POST","path":"/v1/public-api/user/login","resp_time":1335.464,"status":200,"client_ip":"::1","time":"2025-06-10T14:08:39+07:00","message":"login successfully"}
{"level":"info","request_id":"0e84a34f-7ba9-4ee1-9f68-479bd0dc4f61","method":"GET","path":"/v1/api/profile/","resp_time":291.348,"status":200,"client_ip":"::1","time":"2025-06-10T14:08:51+07:00","message":"get user successfully"}
{"level":"info","request_id":"1bf41ab9-4dc1-43fc-9543-c973f84cb9bc","method":"POST","path":"/v1/public-api/user/login","resp_time":2030.387,"status":200,"client_ip":"::1","time":"2025-06-10T14:09:58+07:00","message":"login successfully"}
{"level":"info","request_id":"ba925e0f-2e6d-4f1f-a5b1-ba94616c27cb","method":"GET","path":"/v1/api/profile/","resp_time":805.447,"status":200,"client_ip":"::1","time":"2025-06-10T14:10:06+07:00","message":"get user successfully"}
{"level":"info","request_id":"aad77ba2-4f9d-4a57-8a7d-59437e1c878a","method":"POST","path":"/v1/public-api/user/register","resp_time":1314.63,"status":200,"client_ip":"::1","time":"2025-11-09T06:46:00+07:00","message":"register successfully"}
{"level":"info","request_id":"3229488f-ec8d-4b1c-8c57-69065ca3893b","method":"POST","path":"/v1/api/post/","resp_time":675.332,"status":200,"client_ip":"::1","time":"2025-11-09T06:46:12+07:00","message":"ERROR: column \"user\" of relation \"posts\" does not exist (SQLSTATE 42703)"}
{"level":"info","request_id":"8eaf5fc7-ac1e-4259-a9c1-112a0a43a5a2","method":"POST","path":"/v1/api/post/","resp_time":241.332,"status":200,"client_ip":"::1","time":"2025-11-09T06:47:31+07:00","message":"insert successfully"}
{"level":"info","request_id":"e087d941-3b8e-4b65-9e40-781f59cf3590","method":"PUT","path":"/v1/api/post/6bd524d6-d87a-4af4-bcb8-331968f4c07b","resp_time":762.838,"status":200,"client_ip":"::1","time":"2025-11-09T07:04:03+07:00","message":"token has invalid claims"}
{"level":"info","request_id":"1e4e9d4c-c3a3-4882-96b5-5dd1a78285a5","method":"PUT","path":"/v1/api/post/6bd524d6-d87a-4af4-bcb8-331968f4c07b","resp_time":743.245,"status":200,"client_ip":"::1","time":"2025-11-09T07:04:16+07:00","message":"update successfully"}
{"level":"info","request_id":"9ea94595-67ee-4405-870f-8e4d95e8c74d","method":"DELETE","path":"/v1/api/post/6bd524d6-d87a-4af4-bcb8-331968f4c07b","resp_time":819.589,"status":200,"client_ip":"::1","time":"2025-11-09T07:16:02+07:00","message":"post not found"}
{"level":"info","request_id":"1a9813e1-54f2-42d5-ad3a-783107de28a7","method":"DELETE","path":"/v1/api/post/6bd524d6-d87a-4af4-bcb8-331968f4c07b","resp_time":975.749,"status":200,"client_ip":"::1","time":"2025-11-09T07:17:48+07:00","message":"post not found"}
{"level":"info","request_id":"629e0f8f-184e-4ca3-bad7-f54b364c36cd","method":"DELETE","path":"/v1/api/post/6bd524d6-d87a-4af4-bcb8-331968f4c07b","resp_time":600.07,"status":200,"client_ip":"::1","time":"2025-11-09T07:19:20+07:00","message":"post not found"}
{"level":"info","request_id":"ecdc4ae3-034b-4a4f-af78-a0a4c3f274c6","method":"DELETE","path":"/v1/api/post/6bd524d6-d87a-4af4-bcb8-331968f4c07b","resp_time":596.341,"status":200,"client_ip":"::1","time":"2025-11-09T07:24:32+07:00","message":"post not found"}
{"level":"info","request_id":"1bf2dca7-bcce-42ef-8899-1d7eee52ec21","method":"DELETE","path":"/v1/api/post/6bd524d6-d87a-4af4-bcb8-331968f4c07b","resp_time":981.429,"status":200,"client_ip":"::1","time":"2025-11-09T07:26:01+07:00","message":"post not found"}
{"level":"info","request_id":"d032343c-d34e-4c30-bafa-46f901cece8d","method":"DELETE","path":"/v1/api/post/6bd524d6-d87a-4af4-bcb8-331968f4c07b","resp_time":316.172,"status":200,"client_ip":"::1","time":"2025-11-09T07:28:00+07:00","message":"delete successfully"}
{"level":"info","request_id":"f8984bb0-4c70-47ee-8bf4-d8a852e19f46","method":"POST","path":"/v1/api/post/","resp_time":849.441,"status":200,"client_ip":"::1","time":"2025-11-09T07:28:46+07:00","message":"insert successfully"}
{"level":"info","request_id":"a1a44302-28bc-4af8-9abc-64abf5cbce2b","method":"PUT","path":"/v1/api/post/1586283e-314b-4ac8-8518-d39c934c725a","resp_time":436.012,"status":200,"client_ip":"::1","time":"2025-11-09T07:29:21+07:00","message":"update successfully"}
{"level":"info","request_id":"0dce3a61-05b5-4131-af43-f31684a92c7e","method":"GET","path":"/v1/api/post/?page=1&limit=10","resp_time":823.352,"status":200,"client_ip":"::1","time":"2025-11-09T07:41:04+07:00","message":"get successfully"}
{"level":"info","request_id":"e01ca815-07fb-4976-956a-f38de5cc3b0a","method":"GET","path":"/v1/api/post/1586283e-314b-4ac8-8518-d39c934c725a","resp_time":303.755,"status":200,"client_ip":"::1","time":"2025-11-09T07:44:31+07:00","message":"delete successfully"}
{"level":"info","request_id":"92ef7485-f204-403f-9099-f4afa46b4d21","method":"POST","path":"/v1/api/comment/","resp_time":921.31,"status":200,"client_ip":"::1","time":"2025-11-09T08:09:09+07:00","message":"token has invalid claims"}
{"level":"info","request_id":"2d55fe72-b783-4e62-b6de-6c94ba1f2513","method":"POST","path":"/v1/public-api/user/login","resp_time":1471.122,"status":200,"client_ip":"::1","time":"2025-11-09T08:09:32+07:00","message":"login successfully"}
{"level":"info","request_id":"3a3e4e2a-7369-4f7d-a1f2-e400aff0da9a","method":"POST","path":"/v1/api/comment/","resp_time":991.138,"status":200,"client_ip":"::1","time":"2025-11-09T08:09:43+07:00","message":"ERROR: insert or update on table \"comments\" violates foreign key constraint \"comments_post_fkey\" (SQLSTATE 23503)"}
{"level":"info","request_id":"f98f9e56-2441-4157-8ac2-baa340814729","method":"GET","path":"/v1/api/post/?page=1&limit=10","resp_time":382.909,"status":200,"client_ip":"::1","time":"2025-11-09T08:10:06+07:00","message":"get successfully"}
{"level":"info","request_id":"2a669e92-acfd-40ba-9f45-5c54bd615d9b","method":"POST","path":"/v1/api/comment/","resp_time":693.218,"status":200,"client_ip":"::1","time":"2025-11-09T08:10:21+07:00","message":"ERROR: insert or update on table \"comments\" violates foreign key constraint \"comments_post_fkey\" (SQLSTATE 23503)"}
{"level":"info","request_id":"c38fbeca-c22b-4a40-9a6a-9d8be556d011","method":"POST","path":"/v1/api/comment/","resp_time":835.355,"status":200,"client_ip":"::1","time":"2025-11-09T08:11:10+07:00","message":"insert successfully"}
{"level":"info","request_id":"d93769d6-c374-4be6-b70f-d60b39f19ab8","method":"POST","path":"/v1/api/comment/","resp_time":314.862,"status":200,"client_ip":"::1","time":"2025-11-09T08:15:06+07:00","message":"insert successfully"}
{"level":"info","request_id":"d8e09930-f694-43b5-896f-69cb66222dac","method":"PUT","path":"/v1/api/comment/0293f717-53e9-4a5f-baea-d8a0d74d48b4","resp_time":458.173,"status":200,"client_ip":"::1","time":"2025-11-09T08:20:26+07:00","message":"update successfully"}
{"level":"info","request_id":"fadf4b07-43e3-4a67-9d21-a931e3b67e06","method":"DELETE","path":"/v1/api/post/0293f717-53e9-4a5f-baea-d8a0d74d48b4","resp_time":101.734,"status":200,"client_ip":"::1","time":"2025-11-09T08:21:12+07:00","message":"post not found"}
{"level":"info","request_id":"2efde09a-60bd-4850-bfb9-9594da34f31f","method":"DELETE","path":"/v1/api/post/0293f717-53e9-4a5f-baea-d8a0d74d48b4","resp_time":441.165,"status":200,"client_ip":"::1","time":"2025-11-09T08:23:04+07:00","message":"post not found"}
{"level":"info","request_id":"d29dc522-5a66-49ee-b2c0-ba5191d610c3","method":"DELETE","path":"/v1/api/comment/0293f717-53e9-4a5f-baea-d8a0d74d48b4","resp_time":134.554,"status":200,"client_ip":"::1","time":"2025-11-09T08:23:13+07:00","message":"comment not found"}
{"level":"info","request_id":"6f17397e-0c7b-4951-a836-5c52f2930d29","method":"DELETE","path":"/v1/api/comment/0293f717-53e9-4a5f-baea-d8a0d74d48b4","resp_time":212.989,"status":200,"client_ip":"::1","time":"2025-11-09T08:25:31+07:00","message":"delete successfully"}
{"level":"info","request_id":"53e2316c-ee10-495c-81cb-36817ca537c2","method":"GET","path":"/v1/api/comment/9c32cd2c-f601-47e5-9e8a-6178b3a7ecf6","resp_time":536.939,"status":200,"client_ip":"::1","time":"2025-11-09T08:26:32+07:00","message":"get successfully"}
{"level":"info","request_id":"903c0b6a-4f09-4cc1-b4e8-3c01c1a10d22","method":"GET","path":"/v1/api/comment/9c32cd2c-f601-47e5-9e8a-6178b3a7ecf6","resp_time":446.27,"status":200,"client_ip":"::1","time":"2025-11-09T08:28:21+07:00","message":"post not found"}
{"level":"info","request_id":"c095b191-56e2-43aa-abd7-86e9cdc40950","method":"GET","path":"/v1/api/comment/9c32cd2c-f601-47e5-9e8a-6178b3a7ecf6","resp_time":56.167,"status":200,"client_ip":"::1","time":"2025-11-09T08:29:58+07:00","message":"post not found"}
{"level":"info","request_id":"bedb5269-9745-4fbc-ad31-d62d61c41d91","method":"GET","path":"/v1/api/comment/9c32cd2c-f601-47e5-9e8a-6178b3a7ecf6","resp_time":671.478,"status":200,"client_ip":"::1","time":"2025-11-09T08:30:13+07:00","message":"post not found"}
{"level":"info","request_id":"39a2b6ac-e7e9-415b-ace2-42fc927a7a06","method":"GET","path":"/v1/api/comment/9c32cd2c-f601-47e5-9e8a-6178b3a7ecf6","resp_time":691.4,"status":200,"client_ip":"::1","time":"2025-11-09T08:32:00+07:00","message":"get successfully"}
{"level":"info","request_id":"457c512e-3968-48ed-8bbb-c023081c2328","method":"GET","path":"/v1/api/comment/9c32cd2c-f601-47e5-9e8a-6178b3a7ecf6","resp_time":597.762,"status":200,"client_ip":"::1","time":"2025-11-09T08:33:11+07:00","message":"post not found"}
{"level":"info","request_id":"680e2635-bf90-4436-9055-d6cd13da7e31","method":"GET","path":"/v1/api/comment/9c32cd2c-f601-47e5-9e8a-6178b3a7ecf6","resp_time":494.45,"status":200,"client_ip":"::1","time":"2025-11-09T08:35:03+07:00","message":"get successfully"}
{"level":"info","request_id":"e3bd8697-6186-4538-a379-18231433440c","method":"GET","path":"/v1/api/comment/","resp_time":758.636,"status":200,"client_ip":"::1","time":"2025-11-09T08:35:41+07:00","message":"strconv.Atoi: parsing \"\": invalid syntax"}
{"level":"info","request_id":"a94153dd-5055-4c2f-83fe-4f2cf4209766","method":"GET","path":"/v1/api/comment/","resp_time":482.112,"status":200,"client_ip":"::1","time":"2025-11-09T08:35:53+07:00","message":"strconv.Atoi: parsing \"\": invalid syntax"}
{"level":"info","request_id":"1e26948d-d643-439b-958d-5cc41bbab078","method":"GET","path":"/v1/api/comment/?page=1&limit=10","resp_time":842.447,"status":200,"client_ip":"::1","time":"2025-11-09T08:36:04+07:00","message":"get successfully"}
{"level":"warn","request_id":"b7d49598-f1b3-434d-970f-1bc2e9ae668e","method":"POST","path":"/swagger/index.html","resp_time":282.9273,"status":404,"client_ip":"::1","time":"2026-04-22T10:55:05+07:00","message":"Unauthorized"}
{"level":"warn","request_id":"a0aa38e2-6989-4aac-af56-6ab4f35f8144","method":"GET","path":"/v1/public-api/user/register","resp_time":239.1798,"status":404,"client_ip":"::1","time":"2026-04-22T11:02:45+07:00","message":"Unauthorized"}
{"level":"info","request_id":"b6d635ad-f364-4760-86c6-10cacc60f6c0","method":"POST","path":"/v1/public-api/user/register","resp_time":434.0521,"status":200,"client_ip":"::1","time":"2026-04-22T11:04:21+07:00","message":"Key: 'User.User.Username' Error:Field validation for 'Username' failed on the 'required' tag\nKey: 'User.User.Password' Error:Field validation for 'Password' failed on the 'required' tag"}
{"level":"info","request_id":"10e3c980-5946-46f8-bbea-9a7e3ccd4229","method":"POST","path":"/v1/public-api/user/register","resp_time":390.8796,"status":200,"client_ip":"::1","time":"2026-04-22T11:05:23+07:00","message":"Key: 'User.User.Username' Error:Field validation for 'Username' failed on the 'required' tag\nKey: 'User.User.Password' Error:Field validation for 'Password' failed on the 'required' tag"}
{"level":"info","request_id":"a7aa9168-5e65-4d93-b725-279d5c656f70","method":"POST","path":"/v1/public-api/user/register","resp_time":652.0922,"status":200,"client_ip":"::1","time":"2026-04-22T11:05:33+07:00","message":"Key: 'User.User.Username' Error:Field validation for 'Username' failed on the 'required' tag\nKey: 'User.User.Password' Error:Field validation for 'Password' failed on the 'required' tag"}
{"level":"info","request_id":"8a59df70-8ba7-4b35-87e9-4c4613c5c383","method":"POST","path":"/v1/public-api/user/register","resp_time":391.3468,"status":200,"client_ip":"::1","time":"2026-04-22T11:17:50+07:00","message":"Key: 'User.User.Username' Error:Field validation for 'Username' failed on the 'required' tag\nKey: 'User.User.Password' Error:Field validation for 'Password' failed on the 'required' tag"}
{"level":"info","request_id":"ece48023-7283-48e1-ada0-a1b459abf1b8","method":"POST","path":"/v1/public-api/user/register","resp_time":4439.3738,"status":200,"client_ip":"::1","time":"2026-04-22T11:18:50+07:00","message":"register successfully"}
{"level":"info","request_id":"605a5d09-8250-468d-a08d-e06ed252bd11","method":"POST","path":"/v1/public-api/user/login","resp_time":2624.9541,"status":200,"client_ip":"::1","time":"2026-04-22T11:20:53+07:00","message":"login successfully"}
{"level":"info","request_id":"ce0e3fbd-aee3-47da-937e-d16c96180d4b","method":"GET","path":"/v1/api/profile/","resp_time":794.0048,"status":200,"client_ip":"::1","time":"2026-04-22T11:21:12+07:00","message":"token has invalid claims"}
{"level":"info","request_id":"22148499-397a-43ab-b8df-913cd823b39e","method":"GET","path":"/v1/api/profile/","resp_time":59.0792,"status":200,"client_ip":"::1","time":"2026-04-22T11:22:07+07:00","message":"token has invalid claims"}
{"level":"info","request_id":"1c2b7e84-48c1-4744-a956-b164722b42b7","method":"GET","path":"/v1/api/profile/","resp_time":357.0853,"status":200,"client_ip":"::1","time":"2026-04-22T11:22:44+07:00","message":"token has invalid claims"}
{"level":"info","request_id":"675ac056-c133-4311-8f1e-c40dfc452c27","method":"GET","path":"/v1/api/profile/","resp_time":126.9696,"status":200,"client_ip":"::1","time":"2026-04-22T11:22:55+07:00","message":"token has invalid claims"}
{"level":"info","request_id":"22256ed1-628f-4762-8795-efe9268f052d","method":"POST","path":"/v1/public-api/user/login","resp_time":2744.0982,"status":200,"client_ip":"::1","time":"2026-04-22T11:24:52+07:00","message":"login successfully"}
{"level":"info","request_id":"f0c932d9-c6a8-4b16-8ed2-0404b61fb64d","method":"GET","path":"/v1/api/profile/","resp_time":694.8673,"status":200,"client_ip":"::1","time":"2026-04-22T11:25:54+07:00","message":"get user successfully"}
{"level":"info","request_id":"272cb3b2-6457-4f64-ba1b-10135f515729","method":"GET","path":"/v1/api/profile/","resp_time":603.4452,"status":200,"client_ip":"::1","time":"2026-04-22T12:50:05+07:00","message":"token has invalid claims"}
{"level":"info","request_id":"60a72bb1-218e-46c3-a922-a75d44d97897","method":"GET","path":"/v1/api/profile/","resp_time":911.9053,"status":200,"client_ip":"::1","time":"2026-04-22T12:50:48+07:00","message":"token has invalid claims"}
{"level":"info","request_id":"a1eeec4b-4848-4603-b765-823d58ddac99","method":"GET","path":"/v1/api/profile/","resp_time":933.7935,"status":200,"client_ip":"::1","time":"2026-04-22T12:51:29+07:00","message":"token has invalid claims"}
{"level":"info","request_id":"40a7c282-5e91-4ffb-87f4-6f7769764e6c","method":"POST","path":"/v1/public-api/user/register","resp_time":245.7467,"status":200,"client_ip":"::1","time":"2026-04-22T12:51:44+07:00","message":"user already exists"}
{"level":"info","request_id":"23b1778b-d08f-41e1-8071-e237240f0713","method":"POST","path":"/v1/public-api/user/login","resp_time":2332.8756,"status":200,"client_ip":"::1","time":"2026-04-22T12:51:53+07:00","message":"login successfully"}
{"level":"info","request_id":"de08d925-41d8-436a-b295-90ab1690ad78","method":"GET","path":"/v1/api/profile/","resp_time":584.5191,"status":200,"client_ip":"::1","time":"2026-04-22T12:52:11+07:00","message":"get user successfully"}
{"level":"info","request_id":"3f47ad43-2c67-49eb-9f10-e2f0835b9e94","method":"POST","path":"/v1/public-api/user/register","resp_time":511.9475,"status":200,"client_ip":"::1","time":"2026-04-22T12:55:36+07:00","message":"user already exists"}
{"level":"info","request_id":"44f482b3-8fe1-4dde-84d9-1fce073f53b2","method":"POST","path":"/v1/public-api/user/register","resp_time":2403.6218,"status":200,"client_ip":"::1","time":"2026-04-22T12:56:07+07:00","message":"register successfully"}
{"level":"info","request_id":"5c6c4642-966d-49a1-affb-1859b4f23c4f","method":"POST","path":"/v1/public-api/user/login","resp_time":2747.1622,"status":200,"client_ip":"::1","time":"2026-04-22T12:56:22+07:00","message":"login successfully"}
{"level":"info","request_id":"72ac2b45-1eff-48a8-8ccf-6b5522b50504","method":"GET","path":"/v1/api/profile/","resp_time":909.4825,"status":200,"client_ip":"::1","time":"2026-04-22T12:56:39+07:00","message":"get user successfully"}
{"level":"warn","request_id":"0a670fc1-fdd1-44c7-9de4-32257220d570","method":"PUT","path":"/v1/api/profile/","resp_time":514.9427,"status":404,"client_ip":"::1","time":"2026-04-22T14:56:48+07:00","message":"token has invalid claims"}
{"level":"info","request_id":"e5cf8021-7fb3-4ff2-96c2-3b8c5a54d4dd","method":"POST","path":"/v1/public-api/user/register","resp_time":1798.3584,"status":200,"client_ip":"::1","time":"2026-04-22T14:58:49+07:00","message":"user already exists"}
{"level":"info","request_id":"9361768e-7db3-4a23-ba74-ac598481716b","method":"POST","path":"/v1/public-api/user/register","resp_time":273.4796,"status":200,"client_ip":"::1","time":"2026-04-22T14:59:09+07:00","message":"user already exists"}
{"level":"info","request_id":"f88ca82f-5498-4567-863f-b7868da8c79f","method":"POST","path":"/v1/public-api/user/login","resp_time":3091.1467,"status":200,"client_ip":"::1","time":"2026-04-22T14:59:19+07:00","message":"login successfully"}
{"level":"info","request_id":"e8ca4adf-d933-43b2-b2ae-5489f60767d4","method":"POST","path":"/v1/public-api/user/login","resp_time":3106.3104,"status":200,"client_ip":"::1","time":"2026-04-22T15:05:21+07:00","message":"login successfully"}
{"level":"info","request_id":"455ca5a6-23b8-4347-9b20-3c49fea34e1f","method":"POST","path":"/v1/public-api/user/login","resp_time":3047.7024,"status":200,"client_ip":"::1","time":"2026-04-23T09:40:40+07:00","message":"login successfully"}
{"level":"info","request_id":"ebbdf917-ce06-4ce5-83ca-0471fff30d39","method":"POST","path":"/v1/public-api/user/register","resp_time":283.1199,"status":200,"client_ip":"::1","time":"2026-04-23T10:05:08+07:00","message":"user already exists"}
{"level":"info","request_id":"29f037e6-9606-4377-884b-49eae246295a","method":"POST","path":"/v1/public-api/user/register","resp_time":4548.7094,"status":200,"client_ip":"::1","time":"2026-04-23T10:09:54+07:00","message":"register successfully"}
{"level":"info","request_id":"386bc921-f52b-4cf0-8f5f-1cec21e9c323","method":"POST","path":"/v1/public-api/user/login","resp_time":3688.0307,"status":200,"client_ip":"::1","time":"2026-04-23T10:11:14+07:00","message":"login successfully"}
{"level":"info","request_id":"16246127-82c1-4dca-af27-8d5e6b600d3d","method":"PUT","path":"/v1/api/profile/","resp_time":812.0371,"status":200,"client_ip":"::1","time":"2026-04-23T10:48:11+07:00","message":"token has invalid claims"}
{"level":"info","request_id":"53412883-7bd0-468f-9990-67314c0622a3","method":"POST","path":"/v1/public-api/user/login","resp_time":2495.5572,"status":200,"client_ip":"::1","time":"2026-04-23T10:51:26+07:00","message":"login successfully"}
{"level":"info","request_id":"2b3e736e-ea19-47e8-bb32-5dc0d8871c7a","method":"PUT","path":"/v1/api/profile/","resp_time":668.0174,"status":200,"client_ip":"::1","time":"2026-04-23T13:35:44+07:00","message":"token has invalid claims"}
{"level":"info","request_id":"85c86503-5df6-408f-91e2-f12ed8f07a01","method":"POST","path":"/v1/public-api/user/login","resp_time":3023.9943,"status":200,"client_ip":"::1","time":"2026-04-23T13:35:59+07:00","message":"login successfully"}
{"level":"info","request_id":"1215cb97-8c85-4ba9-9fed-e03646832d6b","method":"GET","path":"/v1/api/profile/","resp_time":209.7787,"status":200,"client_ip":"::1","time":"2026-04-23T13:43:33+07:00","message":"get user successfully"}
{"level":"info","request_id":"23876202-67c7-4721-a84e-658c3706ad80","method":"POST","path":"/v1/public-api/user/register","resp_time":1983.3418,"status":200,"client_ip":"::1","time":"2026-04-24T09:56:42+07:00","message":"user already exists"}
{"level":"info","request_id":"81663313-1ef1-499f-a278-1f8890464b2b","method":"POST","path":"/v1/public-api/user/register","resp_time":3106.2513,"status":200,"client_ip":"::1","time":"2026-04-24T09:57:03+07:00","message":"register successfully"}
{"level":"info","request_id":"78201442-0de9-479d-a6fb-84ccb051db7e","method":"POST","path":"/v1/public-api/user/login","resp_time":2270.1396,"status":200,"client_ip":"::1","time":"2026-04-24T09:57:26+07:00","message":"login successfully"}
{"level":"info","request_id":"9f8b6fcc-cc34-48db-84ca-f202c542a286","method":"GET","path":"/v1/api/profile/","resp_time":286.0488,"status":200,"client_ip":"::1","time":"2026-04-24T09:57:40+07:00","message":"get user successfully"}
{"level":"info","request_id":"7e838ae6-2ba6-43c3-ae4d-d36dad9cf388","method":"GET","path":"/v1/api/profile/","resp_time":563.7672,"status":200,"client_ip":"::1","time":"2026-04-24T09:58:29+07:00","message":"get user successfully"}
{"level":"info","request_id":"2f367c58-0e3b-4308-bd84-54c87973c411","method":"PUT","path":"/v1/api/profile","resp_time":86.8074,"status":200,"client_ip":"::1","time":"2026-04-24T10:31:08+07:00","message":"update username successfully"}
{"level":"info","request_id":"393cc289-90bf-4d6e-acc1-7f8aea785bce","method":"PUT","path":"/v1/api/profile","resp_time":506.5822,"status":200,"client_ip":"::1","time":"2026-04-24T10:32:14+07:00","message":"update username successfully"}
{"level":"info","request_id":"25dad841-ba3a-4577-8f40-86126557e8df","method":"POST","path":"/v1/public-api/user/register","resp_time":345.8757,"status":200,"client_ip":"::1","time":"2026-04-26T18:09:45+07:00","message":"Key: 'User.User.Username' Error:Field validation for 'Username' failed on the 'required' tag\nKey: 'User.User.Password' Error:Field validation for 'Password' failed on the 'required' tag"}
{"level":"info","request_id":"392cd0f0-01da-42e5-9b56-a304fa70d01b","method":"POST","path":"/v1/public-api/user/register","resp_time":377.4541,"status":200,"client_ip":"::1","time":"2026-04-26T18:09:51+07:00","message":"Key: 'User.User.Username' Error:Field validation for 'Username' failed on the 'required' tag\nKey: 'User.User.Password' Error:Field validation for 'Password' failed on the 'required' tag"}
{"level":"info","request_id":"c6fbb080-261c-49d6-8436-a818a5707089","method":"POST","path":"/v1/public-api/user/register","resp_time":889.9336,"status":200,"client_ip":"::1","time":"2026-04-26T18:12:32+07:00","message":"Key: 'User.User.Username' Error:Field validation for 'Username' failed on the 'required' tag\nKey: 'User.User.Password' Error:Field validation for 'Password' failed on the 'required' tag"}
{"level":"info","request_id":"1633e9ba-4833-4544-8cb2-1a79facf9ce9","method":"POST","path":"/v1/public-api/user/register","resp_time":231.351,"status":200,"client_ip":"::1","time":"2026-04-26T18:48:10+07:00","message":"Key: 'User.User.Username' Error:Field validation for 'Username' failed on the 'required' tag\nKey: 'User.User.Password' Error:Field validation for 'Password' failed on the 'required' tag"}
{"level":"info","request_id":"77f5296b-eead-4f04-846a-93aa24f0dc4c","method":"POST","path":"/v1/public-api/user/register","resp_time":293.3923,"status":200,"client_ip":"::1","time":"2026-04-26T18:48:13+07:00","message":"Key: 'User.User.Username' Error:Field validation for 'Username' failed on the 'required' tag\nKey: 'User.User.Password' Error:Field validation for 'Password' failed on the 'required' tag"}
{"level":"info","request_id":"a4c0d073-1633-4bd1-be02-6a0ba9e8e023","method":"POST","path":"/v1/public-api/user/register","resp_time":553.0844,"status":200,"client_ip":"::1","time":"2026-04-26T18:50:26+07:00","message":"Key: 'User.User.Username' Error:Field validation for 'Username' failed on the 'required' tag\nKey: 'User.User.Password' Error:Field validation for 'Password' failed on the 'required' tag"}
{"level":"info","request_id":"8db2028a-7704-4c61-abd2-69399bf6fcc9","method":"POST","path":"/v1/public-api/user/register","resp_time":5.5779,"status":200,"client_ip":"::1","time":"2026-04-26T18:50:30+07:00","message":"Key: 'User.User.Username' Error:Field validation for 'Username' failed on the 'required' tag\nKey: 'User.User.Password' Error:Field validation for 'Password' failed on the 'required' tag"}
{"level":"info","request_id":"0bab68c6-7dde-4bc6-9563-3ac35344f63e","method":"POST","path":"/v1/public-api/user/register","resp_time":971.3566,"status":200,"client_ip":"::1","time":"2026-04-26T18:52:31+07:00","message":"Key: 'User.User.Username' Error:Field validation for 'Username' failed on the 'required' tag\nKey: 'User.User.Password' Error:Field validation for 'Password' failed on the 'required' tag"}
{"level":"info","request_id":"5b123c22-650d-4f54-aee3-10ed357caee1","method":"POST","path":"/v1/public-api/user/register","resp_time":880.0611,"status":200,"client_ip":"::1","time":"2026-04-26T19:06:23+07:00","message":"Key: 'User.User.Username' Error:Field validation for 'Username' failed on the 'required' tag\nKey: 'User.User.Password' Error:Field validation for 'Password' failed on the 'required' tag"}
{"level":"info","request_id":"d9b94c4f-914b-4b9a-a094-f3d68d3d051d","method":"POST","path":"/v1/public-api/user/register","resp_time":1011.5462,"status":200,"client_ip":"::1","time":"2026-04-26T19:16:26+07:00","message":"Key: 'User.User.Username' Error:Field validation for 'Username' failed on the 'required' tag\nKey: 'User.User.Password' Error:Field validation for 'Password' failed on the 'required' tag"}
{"level":"info","request_id":"f41255ee-5f40-4886-9dcb-b0cbd61b6d1d","method":"POST","path":"/v1/public-api/user/register","resp_time":164.0269,"status":200,"client_ip":"::1","time":"2026-04-26T19:20:10+07:00","message":"Key: 'User.User.Username' Error:Field validation for 'Username' failed on the 'required' tag\nKey: 'User.User.Password' Error:Field validation for 'Password' failed on the 'required' tag"}
{"level":"info","request_id":"30d02ff6-6f15-4947-b510-8f575e620b80","method":"POST","path":"/v1/public-api/user/register","resp_time":594.1232,"status":200,"client_ip":"::1","time":"2026-04-26T19:26:24+07:00","message":"Key: 'User.User.Username' Error:Field validation for 'Username' failed on the 'required' tag\nKey: 'User.User.Password' Error:Field validation for 'Password' failed on the 'required' tag"}
{"level":"info","request_id":"3eff1d34-c014-47a0-a5b5-bec424ba2106","method":"POST","path":"/v1/public-api/user/register","resp_time":472.3589,"status":200,"client_ip":"::1","time":"2026-04-26T19:26:33+07:00","message":"Key: 'User.User.Username' Error:Field validation for 'Username' failed on the 'required' tag\nKey: 'User.User.Password' Error:Field validation for 'Password' failed on the 'required' tag"}
{"level":"info","request_id":"18c54989-87f5-4af8-84b9-dfdbffb5fc75","method":"POST","path":"/v1/public-api/user/register","resp_time":1021.9022,"status":200,"client_ip":"::1","time":"2026-04-26T19:28:54+07:00","message":"Key: 'User.User.Username' Error:Field validation for 'Username' failed on the 'required' tag\nKey: 'User.User.Password' Error:Field validation for 'Password' failed on the 'required' tag"}
{"level":"info","request_id":"b4017a08-ba74-434f-a66d-554bb3c943d9","method":"POST","path":"/v1/public-api/user/register","resp_time":150.1885,"status":200,"client_ip":"::1","time":"2026-04-26T19:31:38+07:00","message":"Key: 'User.User.Username' Error:Field validation for 'Username' failed on the 'required' tag\nKey: 'User.User.Password' Error:Field validation for 'Password' failed on the 'required' tag"}
{"level":"info","request_id":"de0c7a5b-9f7f-4cf1-8327-62c2263eb642","method":"POST","path":"/v1/public-api/user/register","resp_time":932.46,"status":200,"client_ip":"::1","time":"2026-04-26T19:34:03+07:00","message":"Key: 'User.User.Username' Error:Field validation for 'Username' failed on the 'required' tag\nKey: 'User.User.Password' Error:Field validation for 'Password' failed on the 'required' tag"}
{"level":"info","request_id":"660a58ec-566a-4a40-a06f-aa1c789016ce","method":"POST","path":"/v1/public-api/user/register","resp_time":78.1658,"status":200,"client_ip":"::1","time":"2026-04-26T19:35:52+07:00","message":"Key: 'User.User.Username' Error:Field validation for 'Username' failed on the 'required' tag\nKey: 'User.User.Password' Error:Field validation for 'Password' failed on the 'required' tag"}
{"level":"info","request_id":"a47fd42d-3eda-46eb-8044-133762b3534c","method":"POST","path":"/v1/public-api/user/register","resp_time":817.3793,"status":200,"client_ip":"::1","time":"2026-04-26T19:36:01+07:00","message":"Key: 'User.User.Username' Error:Field validation for 'Username' failed on the 'required' tag\nKey: 'User.User.Password' Error:Field validation for 'Password' failed on the 'required' tag"}
{"level":"info","request_id":"9fe74dc6-c907-491c-9508-1b9a7ca88963","method":"POST","path":"/v1/public-api/user/register","resp_time":2436.7264,"status":200,"client_ip":"::1","time":"2026-04-26T19:40:26+07:00","message":"register successfully"}
{"level":"info","request_id":"b066e9d4-ac2e-4978-a3c8-2bf0230be056","method":"POST","path":"/v1/public-api/user/register","resp_time":469.3665,"status":200,"client_ip":"::1","time":"2026-04-26T19:40:26+07:00","message":"user already exists"}
{"level":"info","request_id":"d365270a-629b-44d8-a40b-c4b48592417e","method":"POST","path":"/v1/public-api/user/register","resp_time":405.1569,"status":200,"client_ip":"::1","time":"2026-04-26T19:41:25+07:00","message":"user already exists"}
{"level":"info","request_id":"b9dc52e6-05a3-4d80-9a33-d0d6a1212940","method":"POST","path":"/v1/public-api/user/register","resp_time":584.5564,"status":200,"client_ip":"::1","time":"2026-04-26T19:41:49+07:00","message":"user already exists"}
{"level":"info","request_id":"068e0d34-dcbe-49b0-9d38-25d95a3f6e85","method":"POST","path":"/v1/public-api/user/register","resp_time":599.5517,"status":200,"client_ip":"::1","time":"2026-04-26T19:43:16+07:00","message":"user already exists"}
{"level":"info","request_id":"d77476ce-7c3a-4967-a21c-191f6c3dba61","method":"POST","path":"/v1/public-api/user/register","resp_time":811.063,"status":200,"client_ip":"::1","time":"2026-04-26T19:44:43+07:00","message":"user already exists"}
{"level":"info","request_id":"e4f1ee9b-9b14-467d-b741-63fe4f414cbb","method":"POST","path":"/v1/public-api/user/register","resp_time":905.9991,"status":200,"client_ip":"::1","time":"2026-04-26T19:45:12+07:00","message":"user already exists"}
{"level":"info","request_id":"2bffbff0-165e-4a23-94e6-5855bf275bc9","method":"POST","path":"/v1/public-api/user/register","resp_time":179.7548,"status":200,"client_ip":"::1","time":"2026-04-26T19:45:53+07:00","message":"user already exists"}
{"level":"info","request_id":"f3b1d932-5c16-4953-8b59-5f795d8c5e1c","method":"POST","path":"/v1/public-api/user/register","resp_time":708.5299,"status":200,"client_ip":"::1","time":"2026-04-26T19:46:47+07:00","message":"user already exists"}
{"level":"info","request_id":"7ea9edc8-7f71-40be-a12e-8b2debcab653","method":"POST","path":"/v1/public-api/user/register","resp_time":1027.196,"status":200,"client_ip":"::1","time":"2026-04-26T19:50:58+07:00","message":"user already exists"}
{"level":"info","request_id":"f24a92eb-5572-41c1-bfaa-dbfe22bbd966","method":"POST","path":"/v1/public-api/user/register","resp_time":873.3914,"status":200,"client_ip":"::1","time":"2026-04-26T19:51:30+07:00","message":"user already exists"}
{"level":"info","request_id":"fb4c11e1-2317-4cdf-9cfe-9d85176f4f58","method":"POST","path":"/v1/public-api/user/register","resp_time":296.9963,"status":200,"client_ip":"::1","time":"2026-04-26T19:53:36+07:00","message":"user already exists"}
{"level":"info","request_id":"28c47b2a-d6d4-4edc-b83d-cc1774cab311","method":"POST","path":"/v1/public-api/user/register","resp_time":614.0626,"status":200,"client_ip":"::1","time":"2026-04-26T19:58:09+07:00","message":"user already exists"}
{"level":"info","request_id":"cd562c0b-edfc-4b3b-a12c-ca455c2822b7","method":"POST","path":"/v1/public-api/user/register","resp_time":779.1878,"status":200,"client_ip":"::1","time":"2026-04-26T19:59:46+07:00","message":"user already exists"}
{"level":"info","request_id":"8ca4537c-0c7d-45b1-baa0-9a4dded0ff0b","method":"POST","path":"/v1/public-api/user/register","resp_time":744.1547,"status":200,"client_ip":"::1","time":"2026-04-26T20:01:17+07:00","message":"user already exists"}
{"level":"info","request_id":"9465010f-e86f-4aa4-b516-082673fba18e","method":"POST","path":"/v1/public-api/user/register","resp_time":863.7178,"status":200,"client_ip":"::1","time":"2026-04-26T20:02:00+07:00","message":"user already exists"}
{"level":"info","request_id":"fa6aa5b6-9af7-4775-9678-bf8854d986ef","method":"POST","path":"/v1/public-api/user/register","resp_time":2470.6743,"status":200,"client_ip":"::1","time":"2026-04-26T20:04:10+07:00","message":"register successfully"}
{"level":"info","request_id":"e2a01cba-93b1-4bae-a780-82d69fc944e4","method":"POST","path":"/v1/public-api/user/register","resp_time":896.2498,"status":200,"client_ip":"::1","time":"2026-04-26T20:04:38+07:00","message":"user already exists"}
{"level":"info","request_id":"196f48e3-d6e4-4a4a-bf59-9e7207eb81cd","method":"POST","path":"/v1/public-api/user/register","resp_time":1766.4282,"status":200,"client_ip":"::1","time":"2026-04-26T20:08:46+07:00","message":"register successfully"}
{"level":"info","request_id":"ff24ebfd-69cf-429f-9c70-d75c2985a462","method":"POST","path":"/v1/public-api/user/register","resp_time":522.4937,"status":200,"client_ip":"::1","time":"2026-04-26T20:09:03+07:00","message":"user already exists"}
{"level":"info","request_id":"dd3f7f60-895f-4e6e-bfee-f1291263c0b8","method":"POST","path":"/v1/public-api/user/register","resp_time":1838.5632,"status":200,"client_ip":"::1","time":"2026-04-26T20:10:30+07:00","message":"register successfully"}
{"level":"info","request_id":"d90356f9-2d31-4fe3-8a5b-b979ff82fef7","method":"POST","path":"/v1/public-api/user/register","resp_time":1826.0661,"status":200,"client_ip":"::1","time":"2026-04-26T20:11:10+07:00","message":"user already exists"}
{"level":"info","request_id":"d781cb08-e898-49c7-a83d-8161dc49e7c2","method":"POST","path":"/v1/public-api/user/register","resp_time":794.0659,"status":200,"client_ip":"::1","time":"2026-04-26T20:13:24+07:00","message":"user already exists"}
{"level":"info","request_id":"2192442a-653f-4d57-80e5-3f28b7278bb4","method":"POST","path":"/v1/public-api/user/register","resp_time":2654.2514,"status":200,"client_ip":"::1","time":"2026-04-26T20:22:19+07:00","message":"register successfully"}
{"level":"info","request_id":"95fc7be9-25d0-4215-bbfb-4630bc23a36d","method":"POST","path":"/v1/public-api/user/register","resp_time":989.803,"status":200,"client_ip":"::1","time":"2026-04-26T20:23:39+07:00","message":"user already exists"}
{"level":"info","request_id":"b06bc322-4d4e-4d3d-8676-f1dbea6c804d","method":"POST","path":"/v1/public-api/user/register","resp_time":405.1156,"status":200,"client_ip":"::1","time":"2026-04-26T20:24:27+07:00","message":"user already exists"}
{"level":"info","request_id":"c313456d-c576-4bf4-901f-563ef3345341","method":"POST","path":"/v1/public-api/user/register","resp_time":802.0435,"status":200,"client_ip":"::1","time":"2026-04-26T20:30:33+07:00","message":"user already exists"}
{"level":"info","request_id":"6a32d7e6-70d5-44be-a07d-49985d92eb36","method":"POST","path":"/v1/public-api/user/register","resp_time":910.8129,"status":200,"client_ip":"::1","time":"2026-04-26T20:32:48+07:00","message":"user already exists"}
{"level":"info","request_id":"31f2d812-291a-4eff-8b46-1e3ac57a7bda","method":"POST","path":"/v1/public-api/user/register","resp_time":798.6635,"status":200,"client_ip":"::1","time":"2026-04-26T20:34:03+07:00","message":"user already exists"}
{"level":"info","request_id":"1d3f25b0-cafe-4915-bac5-484cd9ec465a","method":"POST","path":"/v1/public-api/user/register","resp_time":3933.4805,"status":200,"client_ip":"::1","time":"2026-04-26T20:35:22+07:00","message":"register successfully"}
{"level":"info","request_id":"be3035b3-9b3c-4768-9e37-b646dbd6fbf1","method":"POST","path":"/v1/public-api/user/register","resp_time":858.9133,"status":200,"client_ip":"::1","time":"2026-04-26T20:37:37+07:00","message":"invalid character 's' looking for beginning of value"}
{"level":"info","request_id":"23963c10-2be3-4625-8633-e4f1dddb151c","method":"POST","path":"/v1/public-api/user/register","resp_time":924.3681,"status":200,"client_ip":"::1","time":"2026-04-26T20:38:48+07:00","message":"user already exists"}
{"level":"info","request_id":"97ec5b13-87bd-474e-9ab7-e7a6eabf7959","method":"POST","path":"/v1/public-api/user/register","resp_time":563.3579,"status":200,"client_ip":"::1","time":"2026-04-26T20:46:18+07:00","message":"user already exists"}
{"level":"info","request_id":"baea770e-95ec-4e0a-beea-7e77204c6479","method":"POST","path":"/v1/public-api/user/register","resp_time":810.3076,"status":200,"client_ip":"::1","time":"2026-04-26T20:46:39+07:00","message":"user already exists"}
{"level":"info","request_id":"2f7ac38a-22fd-4fa0-9af7-5c578739d001","method":"POST","path":"/v1/public-api/user/register","resp_time":451.1554,"status":200,"client_ip":"::1","time":"2026-04-27T11:22:21+07:00","message":"user already exists"}
{"level":"info","request_id":"5f6eb002-9c69-42d0-85c8-c1c07247005e","method":"POST","path":"/v1/public-api/user/register","resp_time":638.5991,"status":200,"client_ip":"::1","time":"2026-04-27T11:22:59+07:00","message":"user already exists"}
{"level":"info","request_id":"15cd9574-a3c1-4805-bde7-f0811b283383","method":"POST","path":"/v1/public-api/user/register","resp_time":3712.0153,"status":200,"client_ip":"::1","time":"2026-04-27T11:27:45+07:00","message":"register successfully"}
{"level":"info","request_id":"73742d2b-a410-4e48-895a-f9a5452437e8","method":"POST","path":"/v1/public-api/user/register","resp_time":287.6809,"status":200,"client_ip":"::1","time":"2026-04-27T11:29:08+07:00","message":"user already exists"}
{"level":"info","request_id":"f99388fa-2382-4077-a4cd-bdfa7c662e06","method":"POST","path":"/v1/public-api/user/register","resp_time":271.4489,"status":200,"client_ip":"::1","time":"2026-04-27T11:31:03+07:00","message":"user already exists"}
{"level":"info","request_id":"ff62ad9e-a3a9-4410-8295-948db2ccc9dd","method":"POST","path":"/v1/public-api/user/register","resp_time":138.965,"status":200,"client_ip":"::1","time":"2026-04-27T11:31:43+07:00","message":"user already exists"}
{"level":"info","request_id":"29a4a550-eeb3-460f-81bf-d0629c26f8dd","method":"POST","path":"/v1/public-api/user/register","resp_time":3012.1382,"status":200,"client_ip":"::1","time":"2026-04-27T11:34:53+07:00","message":"register successfully"}
{"level":"info","request_id":"fa7497d4-001f-4e64-b815-289b88b51034","method":"POST","path":"/v1/public-api/user/register","resp_time":2926.9436,"status":200,"client_ip":"::1","time":"2026-04-27T11:38:38+07:00","message":"register successfully"}
{"level":"info","request_id":"f32271d7-70d0-4df9-82f1-a758fc8ed4bc","method":"POST","path":"/v1/public-api/user/register","resp_time":967.5659,"status":200,"client_ip":"::1","time":"2026-04-27T11:59:16+07:00","message":"user already exists"}
{"level":"info","request_id":"adcad93d-484f-49aa-aa3c-761a375b724c","method":"POST","path":"/v1/public-api/user/register","resp_time":3178.2146,"status":200,"client_ip":"::1","time":"2026-04-27T14:07:13+07:00","message":"register successfully"}
{"level":"info","request_id":"cf98ad89-cd2d-402d-9177-06f5b71c81e6","method":"POST","path":"/v1/public-api/user/register","resp_time":1820.3511,"status":200,"client_ip":"::1","time":"2026-04-27T14:07:56+07:00","message":"register successfully"}
{"level":"info","request_id":"6711f0b6-69a5-46b0-bebd-cc10b39953c5","method":"POST","path":"/v1/public-api/user/register","resp_time":985.2409,"status":200,"client_ip":"::1","time":"2026-04-27T14:09:18+07:00","message":"user already exists"}
{"level":"info","request_id":"92cb81c8-d2e6-4545-ad8b-5557a31f3728","method":"POST","path":"/v1/public-api/user/register","resp_time":399.8507,"status":200,"client_ip":"::1","time":"2026-04-27T14:09:28+07:00","message":"user already exists"}
{"level":"info","request_id":"b664fd79-662a-4d72-b5af-e457c0ce36b6","method":"POST","path":"/v1/public-api/user/register","resp_time":2286.1693,"status":200,"client_ip":"::1","time":"2026-04-27T14:10:14+07:00","message":"register successfully"}
{"level":"info","request_id":"cbc40cb0-08a4-4dc2-a260-74ccd57764a7","method":"POST","path":"/v1/public-api/user/register","resp_time":2053.7631,"status":200,"client_ip":"::1","time":"2026-04-28T09:13:35+07:00","message":"register successfully"}
{"level":"info","request_id":"f05cbe02-e46e-48d6-9c47-5afb56dd1dae","method":"POST","path":"/v1/public-api/user/register","resp_time":215.4717,"status":200,"client_ip":"::1","time":"2026-04-28T09:14:18+07:00","message":"Key: 'RegisterRequest.Username' Error:Field validation for 'Username' failed on the 'required' tag\nKey: 'RegisterRequest.Password' Error:Field validation for 'Password' failed on the 'required' tag"}
{"level":"info","request_id":"94c94e40-bc8e-4b55-80b6-e0f595eb0f04","method":"POST","path":"/v1/public-api/user/register","resp_time":516.6535,"status":200,"client_ip":"::1","time":"2026-04-28T09:14:35+07:00","message":"Key: 'RegisterRequest.Username' Error:Field validation for 'Username' failed on the 'required' tag\nKey: 'RegisterRequest.Password' Error:Field validation for 'Password' failed on the 'required' tag"}
{"level":"info","request_id":"cd69157a-5753-40fa-9ada-3861607f8798","method":"POST","path":"/v1/public-api/user/register","resp_time":542.9171,"status":200,"client_ip":"::1","time":"2026-04-28T09:14:53+07:00","message":"user already exists"}
{"level":"info","request_id":"9c4e75fc-8d5b-448b-9690-ea3acf6f518c","method":"POST","path":"/v1/public-api/user/register","resp_time":640.6367,"status":200,"client_ip":"::1","time":"2026-04-28T09:18:12+07:00","message":"Key: 'RegisterRequest.Username' Error:Field validation for 'Username' failed on the 'required' tag\nKey: 'RegisterRequest.Password' Error:Field validation for 'Password' failed on the 'required' tag"}
{"level":"info","request_id":"ddb9a684-0d15-46e4-af87-fcb4bcc75dbc","method":"POST","path":"/v1/public-api/user/register","resp_time":2634.3565,"status":200,"client_ip":"::1","time":"2026-04-28T09:19:19+07:00","message":"register successfully"}
{"level":"info","request_id":"1f3d0e5a-cdc3-4d94-818a-16df9b436684","method":"POST","path":"/v1/public-api/user/register","resp_time":2399.306,"status":200,"client_ip":"::1","time":"2026-04-28T09:21:06+07:00","message":"register successfully"}
{"level":"info","request_id":"8bbb8d69-50a8-4de9-8dd3-22f03221bc52","method":"POST","path":"/v1/public-api/user/register","resp_time":165.5547,"status":200,"client_ip":"::1","time":"2026-04-28T09:21:24+07:00","message":"user already exists"}
{"level":"info","request_id":"1a986f5c-ca69-466a-b5b6-ac856e29c3f6","method":"POST","path":"/v1/public-api/user/register","resp_time":775.6174,"status":200,"client_ip":"::1","time":"2026-04-28T09:36:15+07:00","message":"user already exists"}
{"level":"info","request_id":"8636313f-3d25-43e4-bf75-d69c06fdc998","method":"POST","path":"/v1/public-api/user/register","resp_time":829.5454,"status":200,"client_ip":"::1","time":"2026-04-28T09:36:28+07:00","message":"user already exists"}
{"level":"info","request_id":"63a96e09-557b-4edd-9db7-86694ec65574","method":"POST","path":"/v1/public-api/user/register","resp_time":1613.1106,"status":200,"client_ip":"::1","time":"2026-04-28T09:39:33+07:00","message":"register successfully"}
{"level":"info","request_id":"51a8f926-4806-4792-b47f-ddafa2e6caf5","method":"POST","path":"/v1/public-api/user/register","resp_time":1171.7901,"status":200,"client_ip":"::1","time":"2026-04-28T09:39:51+07:00","message":"user already exists"}
{"level":"info","request_id":"c8905c43-62ba-47c8-8c56-6f3bbbfc528a","method":"POST","path":"/v1/public-api/user/register","resp_time":1123.7704,"status":200,"client_ip":"::1","time":"2026-04-28T09:41:46+07:00","message":"user already exists"}
{"level":"info","request_id":"97b09573-c85e-409b-803f-d289260c7c98","method":"POST","path":"/v1/public-api/user/register","resp_time":2887.2502,"status":200,"client_ip":"::1","time":"2026-04-28T09:42:04+07:00","message":"register successfully"}
{"level":"info","request_id":"82a15abb-cb78-496a-8533-9898bda67511","method":"POST","path":"/v1/public-api/user/register","resp_time":2752.8212,"status":200,"client_ip":"::1","time":"2026-04-28T09:53:36+07:00","message":"register successfully"}
{"level":"info","request_id":"3731e405-50c1-4776-817a-b520ac3f221d","method":"POST","path":"/v1/public-api/user/register","resp_time":201.6969,"status":200,"client_ip":"::1","time":"2026-04-28T09:54:22+07:00","message":"user already exists"}
{"level":"info","request_id":"f1e4ff8c-aad2-4115-b892-0c25f778a5dc","method":"POST","path":"/v1/public-api/user/register","resp_time":622.4927,"status":200,"client_ip":"::1","time":"2026-04-28T09:54:38+07:00","message":"user already exists"}
{"level":"info","request_id":"b382120b-388f-4f07-b13f-0c49094d7b96","method":"POST","path":"/v1/public-api/user/register","resp_time":880.1637,"status":200,"client_ip":"::1","time":"2026-04-28T09:54:40+07:00","message":"user already exists"}
{"level":"info","request_id":"7e442f7f-10d6-4f05-a426-5ad8c160224c","method":"POST","path":"/v1/public-api/user/register","resp_time":2036.8768,"status":200,"client_ip":"::1","time":"2026-04-28T10:58:47+07:00","message":"user already exists"}
{"level":"info","request_id":"ae36b86c-66c4-4308-9de2-3a2f625a9dda","method":"POST","path":"/v1/public-api/user/register","resp_time":4299.5528,"status":200,"client_ip":"::1","time":"2026-04-28T10:59:15+07:00","message":"register successfully"}
{"level":"warn","request_id":"916489fc-42b7-4286-a45f-ed28e78f68a0","method":"POST","path":"/v1/company","resp_time":446.6831,"status":404,"client_ip":"::1","time":"2026-04-28T16:12:47+07:00","message":"Unauthorized"}
{"level":"info","request_id":"7fa452c3-48b7-4d8a-8fbb-cc4b5da6af13","method":"POST","path":"/v1/public-api/user/login","resp_time":419.6421,"status":200,"client_ip":"::1","time":"2026-04-28T16:14:40+07:00","message":"incorrect username or password"}
{"level":"info","request_id":"6cfaf783-e57d-4af1-be9a-7bb793cb6a0b","method":"POST","path":"/v1/public-api/user/login","resp_time":906.8436,"status":200,"client_ip":"::1","time":"2026-04-28T16:14:56+07:00","message":"incorrect username or password"}
{"level":"info","request_id":"ab07c67f-bfa3-4ca9-9374-c5bc0e382ad7","method":"POST","path":"/v1/public-api/user/login","resp_time":989.0899,"status":200,"client_ip":"::1","time":"2026-04-28T16:15:11+07:00","message":"incorrect username or password"}
{"level":"warn","request_id":"192c4829-9a07-41d7-ba17-c68d9efaccab","method":"POST","path":"/v1/company","resp_time":485.3642,"status":404,"client_ip":"::1","time":"2026-04-28T16:15:37+07:00","message":"Unauthorized"}
{"level":"warn","request_id":"acd4ec1b-050d-4c4f-9243-88c12e98d4b6","method":"POST","path":"/v1/company","resp_time":281.2363,"status":404,"client_ip":"::1","time":"2026-04-28T16:17:00+07:00","message":"Unauthorized"}
{"level":"warn","request_id":"9800d2c2-55b7-4f8f-8849-9826cc52561c","method":"POST","path":"/v1/company","resp_time":109.6002,"status":404,"client_ip":"::1","time":"2026-04-29T09:54:05+07:00","message":"Unauthorized"}
{"level":"warn","request_id":"5caa7e85-7be9-42a8-ab56-e837f98b00ac","method":"POST","path":"/v1/public-api/bank-account","resp_time":272.1823,"status":404,"client_ip":"::1","time":"2026-04-29T11:11:18+07:00","message":"Unauthorized"}
{"level":"warn","request_id":"8f2d15aa-1ce6-4d6b-a48a-ecb7fcc130b2","method":"POST","path":"/v1/public-api/bank-account","resp_time":81.1779,"status":404,"client_ip":"::1","time":"2026-04-29T11:13:35+07:00","message":"Unauthorized"}
